[2017-12-23T20:44:22.658+0800][gc,heap] Heap region size: 1M
[2017-12-23T20:44:22.681+0800][gc     ] Using G1
[2017-12-23T20:44:22.681+0800][gc,heap,coops] Heap address: 0x00000000c0000000, size: 1024 MB, Compressed Oops mode: 32-bit
[2017-12-23T20:44:34.200+0800][gc,start     ] GC(0) Pause Initial Mark (Metadata GC Threshold)
[2017-12-23T20:44:34.200+0800][gc,task      ] GC(0) Using 1 workers of 1 for evacuation
[2017-12-23T20:44:34.352+0800][gc,mmu       ] GC(0) MMU target violated: 21.0ms (20.0ms/21.0ms)
[2017-12-23T20:44:34.355+0800][gc,phases    ] GC(0)   Pre Evacuate Collection Set: 0.0ms
[2017-12-23T20:44:34.355+0800][gc,phases    ] GC(0)   Evacuate Collection Set: 133.5ms
[2017-12-23T20:44:34.355+0800][gc,phases    ] GC(0)   Post Evacuate Collection Set: 18.0ms
[2017-12-23T20:44:34.355+0800][gc,phases    ] GC(0)   Other: 3.8ms
[2017-12-23T20:44:34.355+0800][gc,heap      ] GC(0) Eden regions: 48->0(44)
[2017-12-23T20:44:34.355+0800][gc,heap      ] GC(0) Survivor regions: 0->7(7)
[2017-12-23T20:44:34.355+0800][gc,heap      ] GC(0) Old regions: 0->4
[2017-12-23T20:44:34.355+0800][gc,heap      ] GC(0) Humongous regions: 0->0
[2017-12-23T20:44:34.355+0800][gc,metaspace ] GC(0) Metaspace: 20335K->20335K(1069056K)
[2017-12-23T20:44:34.356+0800][gc           ] GC(0) Pause Initial Mark (Metadata GC Threshold) 47M->10M(1024M) 155.501ms
[2017-12-23T20:44:34.356+0800][gc,cpu       ] GC(0) User=0.05s Sys=0.00s Real=0.15s
[2017-12-23T20:44:34.356+0800][gc           ] GC(1) Concurrent Cycle
[2017-12-23T20:44:34.356+0800][gc,marking   ] GC(1) Concurrent Clear Claimed Marks
[2017-12-23T20:44:34.356+0800][gc,marking   ] GC(1) Concurrent Clear Claimed Marks 0.056ms
[2017-12-23T20:44:34.356+0800][gc,marking   ] GC(1) Concurrent Scan Root Regions
[2017-12-23T20:44:34.386+0800][gc,marking   ] GC(1) Concurrent Scan Root Regions 30.559ms
[2017-12-23T20:44:34.386+0800][gc,marking   ] GC(1) Concurrent Mark (11.741s)
[2017-12-23T20:44:34.386+0800][gc,marking   ] GC(1) Concurrent Mark From Roots
[2017-12-23T20:44:34.386+0800][gc,task      ] GC(1) Using 1 workers of 1 for marking
[2017-12-23T20:44:34.392+0800][gc,marking   ] GC(1) Concurrent Mark From Roots 5.991ms
[2017-12-23T20:44:34.392+0800][gc,marking   ] GC(1) Concurrent Mark (11.741s, 11.747s) 6.065ms
[2017-12-23T20:44:34.403+0800][gc,start     ] GC(1) Pause Remark
[2017-12-23T20:44:34.427+0800][gc,stringtable] GC(1) Cleaned string and symbol table, strings: 8013 processed, 0 removed, symbols: 63803 processed, 39 removed
[2017-12-23T20:44:34.427+0800][gc,mmu        ] GC(1) MMU target violated: 21.0ms (20.0ms/21.0ms)
[2017-12-23T20:44:34.427+0800][gc            ] GC(1) Pause Remark 11M->11M(1024M) 23.421ms
[2017-12-23T20:44:34.427+0800][gc,cpu        ] GC(1) User=0.01s Sys=0.00s Real=0.02s
[2017-12-23T20:44:34.427+0800][gc,marking    ] GC(1) Concurrent Create Live Data
[2017-12-23T20:44:34.427+0800][gc,marking    ] GC(1) Concurrent Create Live Data 0.542ms
[2017-12-23T20:44:34.427+0800][gc,start      ] GC(1) Pause Cleanup
[2017-12-23T20:44:34.444+0800][gc,mmu        ] GC(1) MMU target violated: 20.2ms (20.0ms/21.0ms)
[2017-12-23T20:44:34.444+0800][gc            ] GC(1) Pause Cleanup 11M->11M(1024M) 16.196ms
[2017-12-23T20:44:34.444+0800][gc,cpu        ] GC(1) User=0.01s Sys=0.00s Real=0.02s
[2017-12-23T20:44:34.447+0800][gc,marking    ] GC(1) Concurrent Cleanup for Next Mark
[2017-12-23T20:44:34.485+0800][gc,marking    ] GC(1) Concurrent Cleanup for Next Mark 37.342ms
[2017-12-23T20:44:34.485+0800][gc            ] GC(1) Concurrent Cycle 129.041ms
[2017-12-23T20:44:41.300+0800][gc,start      ] GC(2) Pause Young (G1 Evacuation Pause)
[2017-12-23T20:44:41.301+0800][gc,task       ] GC(2) Using 1 workers of 1 for evacuation
[2017-12-23T20:44:41.440+0800][gc,mmu        ] GC(2) MMU target violated: 21.0ms (20.0ms/21.0ms)
[2017-12-23T20:44:41.440+0800][gc,phases     ] GC(2)   Pre Evacuate Collection Set: 0.1ms
[2017-12-23T20:44:41.440+0800][gc,phases     ] GC(2)   Evacuate Collection Set: 121.6ms
[2017-12-23T20:44:41.440+0800][gc,phases     ] GC(2)   Post Evacuate Collection Set: 17.6ms
[2017-12-23T20:44:41.440+0800][gc,phases     ] GC(2)   Other: 1.0ms
[2017-12-23T20:44:41.440+0800][gc,heap       ] GC(2) Eden regions: 44->0(44)
[2017-12-23T20:44:41.440+0800][gc,heap       ] GC(2) Survivor regions: 7->7(7)
[2017-12-23T20:44:41.440+0800][gc,heap       ] GC(2) Old regions: 4->9
[2017-12-23T20:44:41.440+0800][gc,heap       ] GC(2) Humongous regions: 129->129
[2017-12-23T20:44:41.440+0800][gc,metaspace  ] GC(2) Metaspace: 28121K->28121K(1075200K)
[2017-12-23T20:44:41.440+0800][gc            ] GC(2) Pause Young (G1 Evacuation Pause) 183M->144M(1024M) 140.365ms
[2017-12-23T20:44:41.440+0800][gc,cpu        ] GC(2) User=0.05s Sys=0.00s Real=0.14s
[2017-12-23T20:44:47.636+0800][gc,start      ] GC(3) Pause Initial Mark (Metadata GC Threshold)
[2017-12-23T20:44:47.636+0800][gc,task       ] GC(3) Using 1 workers of 1 for evacuation
[2017-12-23T20:44:47.775+0800][gc,mmu        ] GC(3) MMU target violated: 21.0ms (20.0ms/21.0ms)
[2017-12-23T20:44:47.775+0800][gc,phases     ] GC(3)   Pre Evacuate Collection Set: 0.0ms
[2017-12-23T20:44:47.775+0800][gc,phases     ] GC(3)   Evacuate Collection Set: 129.3ms
[2017-12-23T20:44:47.775+0800][gc,phases     ] GC(3)   Post Evacuate Collection Set: 9.7ms
[2017-12-23T20:44:47.775+0800][gc,phases     ] GC(3)   Other: 0.5ms
[2017-12-23T20:44:47.775+0800][gc,heap       ] GC(3) Eden regions: 35->0(46)
[2017-12-23T20:44:47.775+0800][gc,heap       ] GC(3) Survivor regions: 7->5(7)
[2017-12-23T20:44:47.775+0800][gc,heap       ] GC(3) Old regions: 9->11
[2017-12-23T20:44:47.775+0800][gc,heap       ] GC(3) Humongous regions: 129->129
[2017-12-23T20:44:47.775+0800][gc,metaspace  ] GC(3) Metaspace: 33662K->33662K(1081344K)
[2017-12-23T20:44:47.775+0800][gc            ] GC(3) Pause Initial Mark (Metadata GC Threshold) 179M->144M(1024M) 139.630ms
[2017-12-23T20:44:47.775+0800][gc,cpu        ] GC(3) User=0.05s Sys=0.00s Real=0.14s
[2017-12-23T20:44:47.775+0800][gc            ] GC(4) Concurrent Cycle
[2017-12-23T20:44:47.775+0800][gc,marking    ] GC(4) Concurrent Clear Claimed Marks
[2017-12-23T20:44:47.776+0800][gc,marking    ] GC(4) Concurrent Clear Claimed Marks 0.124ms
[2017-12-23T20:44:47.776+0800][gc,marking    ] GC(4) Concurrent Scan Root Regions
[2017-12-23T20:44:47.779+0800][gc,marking    ] GC(4) Concurrent Scan Root Regions 3.257ms
[2017-12-23T20:44:47.779+0800][gc,marking    ] GC(4) Concurrent Mark (25.133s)
[2017-12-23T20:44:47.779+0800][gc,marking    ] GC(4) Concurrent Mark From Roots
[2017-12-23T20:44:47.779+0800][gc,task       ] GC(4) Using 1 workers of 1 for marking
[2017-12-23T20:44:47.935+0800][gc,marking    ] GC(4) Concurrent Mark From Roots 156.011ms
[2017-12-23T20:44:47.935+0800][gc,marking    ] GC(4) Concurrent Mark (25.133s, 25.289s) 156.097ms
[2017-12-23T20:44:47.941+0800][gc,start      ] GC(4) Pause Remark
[2017-12-23T20:44:48.059+0800][gc,stringtable] GC(4) Cleaned string and symbol table, strings: 11542 processed, 19 removed, symbols: 95956 processed, 24 removed
[2017-12-23T20:44:48.059+0800][gc,mmu        ] GC(4) MMU target violated: 21.0ms (20.0ms/21.0ms)
[2017-12-23T20:44:48.059+0800][gc            ] GC(4) Pause Remark 146M->146M(1024M) 118.232ms
[2017-12-23T20:44:48.059+0800][gc,cpu        ] GC(4) User=0.03s Sys=0.00s Real=0.11s
[2017-12-23T20:44:48.059+0800][gc,marking    ] GC(4) Concurrent Create Live Data
[2017-12-23T20:44:48.063+0800][gc,marking    ] GC(4) Concurrent Create Live Data 3.669ms
[2017-12-23T20:44:48.068+0800][gc,start      ] GC(4) Pause Cleanup
[2017-12-23T20:44:48.080+0800][gc            ] GC(4) Pause Cleanup 146M->143M(1024M) 12.004ms
[2017-12-23T20:44:48.081+0800][gc,cpu        ] GC(4) User=0.02s Sys=0.00s Real=0.02s
[2017-12-23T20:44:48.081+0800][gc,marking    ] GC(4) Concurrent Complete Cleanup
[2017-12-23T20:44:48.081+0800][gc,marking    ] GC(4) Concurrent Complete Cleanup 0.024ms
[2017-12-23T20:44:48.081+0800][gc,marking    ] GC(4) Concurrent Cleanup for Next Mark
[2017-12-23T20:44:48.167+0800][gc,marking    ] GC(4) Concurrent Cleanup for Next Mark 86.839ms
[2017-12-23T20:44:48.168+0800][gc            ] GC(4) Concurrent Cycle 392.142ms
[2017-12-23T20:45:45.026+0800][gc,start      ] GC(5) Pause Young (G1 Evacuation Pause)
[2017-12-23T20:45:45.026+0800][gc,task       ] GC(5) Using 1 workers of 1 for evacuation
[2017-12-23T20:45:45.051+0800][gc,mmu        ] GC(5) MMU target violated: 21.0ms (20.0ms/21.0ms)
[2017-12-23T20:45:45.052+0800][gc,phases     ] GC(5)   Pre Evacuate Collection Set: 0.1ms
[2017-12-23T20:45:45.052+0800][gc,phases     ] GC(5)   Evacuate Collection Set: 24.0ms
[2017-12-23T20:45:45.052+0800][gc,phases     ] GC(5)   Post Evacuate Collection Set: 1.4ms
[2017-12-23T20:45:45.052+0800][gc,phases     ] GC(5)   Other: 0.3ms
[2017-12-23T20:45:45.052+0800][gc,heap       ] GC(5) Eden regions: 46->0(48)
[2017-12-23T20:45:45.052+0800][gc,heap       ] GC(5) Survivor regions: 5->3(7)
[2017-12-23T20:45:45.052+0800][gc,heap       ] GC(5) Old regions: 8->10
[2017-12-23T20:45:45.052+0800][gc,heap       ] GC(5) Humongous regions: 135->129
[2017-12-23T20:45:45.052+0800][gc,metaspace  ] GC(5) Metaspace: 37485K->37485K(1085440K)
[2017-12-23T20:45:45.052+0800][gc            ] GC(5) Pause Young (G1 Evacuation Pause) 193M->141M(1024M) 25.923ms
[2017-12-23T20:45:45.052+0800][gc,cpu        ] GC(5) User=0.02s Sys=0.01s Real=0.03s
[2017-12-23T20:50:42.734+0800][gc,start      ] GC(6) Pause Young (G1 Evacuation Pause)
[2017-12-23T20:50:42.734+0800][gc,task       ] GC(6) Using 1 workers of 1 for evacuation
[2017-12-23T20:50:42.825+0800][gc,mmu        ] GC(6) MMU target violated: 21.0ms (20.0ms/21.0ms)
[2017-12-23T20:50:42.825+0800][gc,phases     ] GC(6)   Pre Evacuate Collection Set: 0.3ms
[2017-12-23T20:50:42.825+0800][gc,phases     ] GC(6)   Evacuate Collection Set: 87.5ms
[2017-12-23T20:50:42.825+0800][gc,phases     ] GC(6)   Post Evacuate Collection Set: 2.9ms
[2017-12-23T20:50:42.825+0800][gc,phases     ] GC(6)   Other: 0.5ms
[2017-12-23T20:50:42.825+0800][gc,heap       ] GC(6) Eden regions: 48->0(48)
[2017-12-23T20:50:42.825+0800][gc,heap       ] GC(6) Survivor regions: 3->3(7)
[2017-12-23T20:50:42.825+0800][gc,heap       ] GC(6) Old regions: 10->10
[2017-12-23T20:50:42.825+0800][gc,heap       ] GC(6) Humongous regions: 129->129
[2017-12-23T20:50:42.826+0800][gc,metaspace  ] GC(6) Metaspace: 38015K->38015K(1085440K)
[2017-12-23T20:50:42.826+0800][gc            ] GC(6) Pause Young (G1 Evacuation Pause) 189M->141M(1024M) 91.551ms
[2017-12-23T20:50:42.826+0800][gc,cpu        ] GC(6) User=0.02s Sys=0.00s Real=0.09s
[2017-12-23T20:55:36.189+0800][gc,heap,exit  ] Heap
[2017-12-23T20:55:36.189+0800][gc,heap,exit  ]  garbage-first heap   total 1048576K, used 175849K [0x00000000c0000000, 0x00000000c0102000, 0x0000000100000000)
[2017-12-23T20:55:36.189+0800][gc,heap,exit  ]   region size 1024K, 34 young (34816K), 3 survivors (3072K)
[2017-12-23T20:55:36.189+0800][gc,heap,exit  ]  Metaspace       used 39190K, capacity 43333K, committed 43392K, reserved 1087488K
[2017-12-23T20:55:36.189+0800][gc,heap,exit  ]   class space    used 4821K, capacity 5221K, committed 5248K, reserved 1048576K
