[2017-12-23T20:44:24.270+0800][gc,heap] Heap region size: 1M
[2017-12-23T20:44:24.335+0800][gc     ] Using G1
[2017-12-23T20:44:24.335+0800][gc,heap,coops] Heap address: 0x00000000c0000000, size: 1024 MB, Compressed Oops mode: 32-bit
[2017-12-23T20:44:37.541+0800][gc,start     ] GC(0) Pause Initial Mark (Metadata GC Threshold)
[2017-12-23T20:44:37.541+0800][gc,task      ] GC(0) Using 1 workers of 1 for evacuation
[2017-12-23T20:44:37.792+0800][gc,mmu       ] GC(0) MMU target violated: 21.0ms (20.0ms/21.0ms)
[2017-12-23T20:44:37.793+0800][gc,phases    ] GC(0)   Pre Evacuate Collection Set: 0.0ms
[2017-12-23T20:44:37.793+0800][gc,phases    ] GC(0)   Evacuate Collection Set: 210.7ms
[2017-12-23T20:44:37.793+0800][gc,phases    ] GC(0)   Post Evacuate Collection Set: 40.7ms
[2017-12-23T20:44:37.793+0800][gc,phases    ] GC(0)   Other: 0.4ms
[2017-12-23T20:44:37.793+0800][gc,heap      ] GC(0) Eden regions: 48->0(44)
[2017-12-23T20:44:37.793+0800][gc,heap      ] GC(0) Survivor regions: 0->7(7)
[2017-12-23T20:44:37.793+0800][gc,heap      ] GC(0) Old regions: 0->4
[2017-12-23T20:44:37.793+0800][gc,heap      ] GC(0) Humongous regions: 0->0
[2017-12-23T20:44:37.793+0800][gc,metaspace ] GC(0) Metaspace: 20326K->20326K(1069056K)
[2017-12-23T20:44:37.793+0800][gc           ] GC(0) Pause Initial Mark (Metadata GC Threshold) 47M->10M(1024M) 251.938ms
[2017-12-23T20:44:37.793+0800][gc,cpu       ] GC(0) User=0.04s Sys=0.01s Real=0.25s
[2017-12-23T20:44:37.793+0800][gc           ] GC(1) Concurrent Cycle
[2017-12-23T20:44:37.793+0800][gc,marking   ] GC(1) Concurrent Clear Claimed Marks
[2017-12-23T20:44:37.793+0800][gc,marking   ] GC(1) Concurrent Clear Claimed Marks 0.104ms
[2017-12-23T20:44:37.793+0800][gc,marking   ] GC(1) Concurrent Scan Root Regions
[2017-12-23T20:44:37.827+0800][gc,marking   ] GC(1) Concurrent Scan Root Regions 33.822ms
[2017-12-23T20:44:37.827+0800][gc,marking   ] GC(1) Concurrent Mark (13.584s)
[2017-12-23T20:44:37.827+0800][gc,marking   ] GC(1) Concurrent Mark From Roots
[2017-12-23T20:44:37.827+0800][gc,task      ] GC(1) Using 1 workers of 1 for marking
[2017-12-23T20:44:37.874+0800][gc,marking   ] GC(1) Concurrent Mark From Roots 46.807ms
[2017-12-23T20:44:37.874+0800][gc,marking   ] GC(1) Concurrent Mark (13.584s, 13.631s) 46.912ms
[2017-12-23T20:44:37.875+0800][gc,start     ] GC(1) Pause Remark
[2017-12-23T20:44:37.921+0800][gc,stringtable] GC(1) Cleaned string and symbol table, strings: 7998 processed, 0 removed, symbols: 63879 processed, 39 removed
[2017-12-23T20:44:37.921+0800][gc,mmu        ] GC(1) MMU target violated: 21.0ms (20.0ms/21.0ms)
[2017-12-23T20:44:37.921+0800][gc            ] GC(1) Pause Remark 11M->11M(1024M) 45.941ms
[2017-12-23T20:44:37.921+0800][gc,cpu        ] GC(1) User=0.02s Sys=0.00s Real=0.05s
[2017-12-23T20:44:37.924+0800][gc,marking    ] GC(1) Concurrent Create Live Data
[2017-12-23T20:44:37.928+0800][gc,marking    ] GC(1) Concurrent Create Live Data 3.908ms
[2017-12-23T20:44:37.929+0800][gc,start      ] GC(1) Pause Cleanup
[2017-12-23T20:44:37.935+0800][gc            ] GC(1) Pause Cleanup 11M->11M(1024M) 6.242ms
[2017-12-23T20:44:37.935+0800][gc,cpu        ] GC(1) User=0.01s Sys=0.00s Real=0.01s
[2017-12-23T20:44:37.935+0800][gc,marking    ] GC(1) Concurrent Cleanup for Next Mark
[2017-12-23T20:44:37.987+0800][gc,marking    ] GC(1) Concurrent Cleanup for Next Mark 52.372ms
[2017-12-23T20:44:37.988+0800][gc            ] GC(1) Concurrent Cycle 194.834ms
[2017-12-23T20:44:44.567+0800][gc,start      ] GC(2) Pause Young (G1 Evacuation Pause)
[2017-12-23T20:44:44.567+0800][gc,task       ] GC(2) Using 1 workers of 1 for evacuation
[2017-12-23T20:44:44.764+0800][gc,mmu        ] GC(2) MMU target violated: 21.0ms (20.0ms/21.0ms)
[2017-12-23T20:44:44.764+0800][gc,phases     ] GC(2)   Pre Evacuate Collection Set: 0.1ms
[2017-12-23T20:44:44.764+0800][gc,phases     ] GC(2)   Evacuate Collection Set: 167.1ms
[2017-12-23T20:44:44.764+0800][gc,phases     ] GC(2)   Post Evacuate Collection Set: 29.9ms
[2017-12-23T20:44:44.764+0800][gc,phases     ] GC(2)   Other: 0.3ms
[2017-12-23T20:44:44.764+0800][gc,heap       ] GC(2) Eden regions: 44->0(44)
[2017-12-23T20:44:44.764+0800][gc,heap       ] GC(2) Survivor regions: 7->7(7)
[2017-12-23T20:44:44.764+0800][gc,heap       ] GC(2) Old regions: 4->9
[2017-12-23T20:44:44.764+0800][gc,heap       ] GC(2) Humongous regions: 129->129
[2017-12-23T20:44:44.764+0800][gc,metaspace  ] GC(2) Metaspace: 27958K->27958K(1075200K)
[2017-12-23T20:44:44.764+0800][gc            ] GC(2) Pause Young (G1 Evacuation Pause) 183M->144M(1024M) 197.437ms
[2017-12-23T20:44:44.764+0800][gc,cpu        ] GC(2) User=0.04s Sys=0.00s Real=0.20s
[2017-12-23T20:44:55.402+0800][gc,start      ] GC(3) Pause Initial Mark (Metadata GC Threshold)
[2017-12-23T20:44:55.402+0800][gc,task       ] GC(3) Using 1 workers of 1 for evacuation
[2017-12-23T20:44:55.554+0800][gc,mmu        ] GC(3) MMU target violated: 21.0ms (20.0ms/21.0ms)
[2017-12-23T20:44:55.554+0800][gc,phases     ] GC(3)   Pre Evacuate Collection Set: 0.0ms
[2017-12-23T20:44:55.554+0800][gc,phases     ] GC(3)   Evacuate Collection Set: 138.8ms
[2017-12-23T20:44:55.554+0800][gc,phases     ] GC(3)   Post Evacuate Collection Set: 12.4ms
[2017-12-23T20:44:55.554+0800][gc,phases     ] GC(3)   Other: 0.4ms
[2017-12-23T20:44:55.554+0800][gc,heap       ] GC(3) Eden regions: 36->0(46)
[2017-12-23T20:44:55.554+0800][gc,heap       ] GC(3) Survivor regions: 7->5(7)
[2017-12-23T20:44:55.554+0800][gc,heap       ] GC(3) Old regions: 9->11
[2017-12-23T20:44:55.554+0800][gc,heap       ] GC(3) Humongous regions: 129->129
[2017-12-23T20:44:55.554+0800][gc,metaspace  ] GC(3) Metaspace: 33615K->33615K(1081344K)
[2017-12-23T20:44:55.554+0800][gc            ] GC(3) Pause Initial Mark (Metadata GC Threshold) 180M->144M(1024M) 151.665ms
[2017-12-23T20:44:55.554+0800][gc,cpu        ] GC(3) User=0.04s Sys=0.00s Real=0.15s
[2017-12-23T20:44:55.554+0800][gc            ] GC(4) Concurrent Cycle
[2017-12-23T20:44:55.554+0800][gc,marking    ] GC(4) Concurrent Clear Claimed Marks
[2017-12-23T20:44:55.554+0800][gc,marking    ] GC(4) Concurrent Clear Claimed Marks 0.128ms
[2017-12-23T20:44:55.554+0800][gc,marking    ] GC(4) Concurrent Scan Root Regions
[2017-12-23T20:44:55.558+0800][gc,marking    ] GC(4) Concurrent Scan Root Regions 3.354ms
[2017-12-23T20:44:55.558+0800][gc,marking    ] GC(4) Concurrent Mark (31.315s)
[2017-12-23T20:44:55.558+0800][gc,marking    ] GC(4) Concurrent Mark From Roots
[2017-12-23T20:44:55.558+0800][gc,task       ] GC(4) Using 1 workers of 1 for marking
[2017-12-23T20:44:55.726+0800][gc,marking    ] GC(4) Concurrent Mark From Roots 168.438ms
[2017-12-23T20:44:55.726+0800][gc,marking    ] GC(4) Concurrent Mark (31.315s, 31.484s) 168.507ms
[2017-12-23T20:44:55.727+0800][gc,start      ] GC(4) Pause Remark
[2017-12-23T20:44:55.836+0800][gc,stringtable] GC(4) Cleaned string and symbol table, strings: 11568 processed, 19 removed, symbols: 95856 processed, 26 removed
[2017-12-23T20:44:55.836+0800][gc,mmu        ] GC(4) MMU target violated: 21.0ms (20.0ms/21.0ms)
[2017-12-23T20:44:55.836+0800][gc            ] GC(4) Pause Remark 145M->145M(1024M) 109.402ms
[2017-12-23T20:44:55.836+0800][gc,cpu        ] GC(4) User=0.02s Sys=0.01s Real=0.11s
[2017-12-23T20:44:55.836+0800][gc,marking    ] GC(4) Concurrent Create Live Data
[2017-12-23T20:44:55.881+0800][gc,marking    ] GC(4) Concurrent Create Live Data 44.824ms
[2017-12-23T20:44:55.892+0800][gc,start      ] GC(4) Pause Cleanup
[2017-12-23T20:44:55.894+0800][gc            ] GC(4) Pause Cleanup 146M->143M(1024M) 1.813ms
[2017-12-23T20:44:55.894+0800][gc,cpu        ] GC(4) User=0.00s Sys=0.00s Real=0.00s
[2017-12-23T20:44:55.894+0800][gc,marking    ] GC(4) Concurrent Complete Cleanup
[2017-12-23T20:44:55.894+0800][gc,marking    ] GC(4) Concurrent Complete Cleanup 0.024ms
[2017-12-23T20:44:55.894+0800][gc,marking    ] GC(4) Concurrent Cleanup for Next Mark
[2017-12-23T20:44:55.932+0800][gc,marking    ] GC(4) Concurrent Cleanup for Next Mark 38.602ms
[2017-12-23T20:44:55.932+0800][gc            ] GC(4) Concurrent Cycle 378.330ms
[2017-12-23T20:55:36.186+0800][gc,heap,exit  ] Heap
[2017-12-23T20:55:36.186+0800][gc,heap,exit  ]  garbage-first heap   total 1048576K, used 171264K [0x00000000c0000000, 0x00000000c0102000, 0x0000000100000000)
[2017-12-23T20:55:36.186+0800][gc,heap,exit  ]   region size 1024K, 32 young (32768K), 5 survivors (5120K)
[2017-12-23T20:55:36.186+0800][gc,heap,exit  ]  Metaspace       used 34955K, capacity 37706K, committed 37888K, reserved 1083392K
[2017-12-23T20:55:36.186+0800][gc,heap,exit  ]   class space    used 4213K, capacity 4491K, committed 4608K, reserved 1048576K
