[2017-12-23T20:22:51.442+0800][gc,heap] Heap region size: 1M
[2017-12-23T20:22:51.511+0800][gc     ] Using G1
[2017-12-23T20:22:51.511+0800][gc,heap,coops] Heap address: 0x00000000c0000000, size: 1024 MB, Compressed Oops mode: 32-bit
[2017-12-23T20:23:03.803+0800][gc,start     ] GC(0) Pause Initial Mark (Metadata GC Threshold)
[2017-12-23T20:23:03.803+0800][gc,task      ] GC(0) Using 1 workers of 1 for evacuation
[2017-12-23T20:23:04.014+0800][gc,mmu       ] GC(0) MMU target violated: 21.0ms (20.0ms/21.0ms)
[2017-12-23T20:23:04.015+0800][gc,phases    ] GC(0)   Pre Evacuate Collection Set: 0.0ms
[2017-12-23T20:23:04.015+0800][gc,phases    ] GC(0)   Evacuate Collection Set: 177.1ms
[2017-12-23T20:23:04.015+0800][gc,phases    ] GC(0)   Post Evacuate Collection Set: 33.6ms
[2017-12-23T20:23:04.015+0800][gc,phases    ] GC(0)   Other: 1.1ms
[2017-12-23T20:23:04.015+0800][gc,heap      ] GC(0) Eden regions: 47->0(44)
[2017-12-23T20:23:04.015+0800][gc,heap      ] GC(0) Survivor regions: 0->7(7)
[2017-12-23T20:23:04.015+0800][gc,heap      ] GC(0) Old regions: 0->4
[2017-12-23T20:23:04.015+0800][gc,heap      ] GC(0) Humongous regions: 0->0
[2017-12-23T20:23:04.015+0800][gc,metaspace ] GC(0) Metaspace: 20304K->20304K(1069056K)
[2017-12-23T20:23:04.015+0800][gc           ] GC(0) Pause Initial Mark (Metadata GC Threshold) 47M->10M(1024M) 211.916ms
[2017-12-23T20:23:04.015+0800][gc,cpu       ] GC(0) User=0.07s Sys=0.02s Real=0.21s
[2017-12-23T20:23:04.015+0800][gc           ] GC(1) Concurrent Cycle
[2017-12-23T20:23:04.015+0800][gc,marking   ] GC(1) Concurrent Clear Claimed Marks
[2017-12-23T20:23:04.015+0800][gc,marking   ] GC(1) Concurrent Clear Claimed Marks 0.059ms
[2017-12-23T20:23:04.015+0800][gc,marking   ] GC(1) Concurrent Scan Root Regions
[2017-12-23T20:23:04.056+0800][gc,marking   ] GC(1) Concurrent Scan Root Regions 40.482ms
[2017-12-23T20:23:04.056+0800][gc,marking   ] GC(1) Concurrent Mark (12.647s)
[2017-12-23T20:23:04.056+0800][gc,marking   ] GC(1) Concurrent Mark From Roots
[2017-12-23T20:23:04.056+0800][gc,task      ] GC(1) Using 1 workers of 1 for marking
[2017-12-23T20:23:04.063+0800][gc,marking   ] GC(1) Concurrent Mark From Roots 7.140ms
[2017-12-23T20:23:04.063+0800][gc,marking   ] GC(1) Concurrent Mark (12.647s, 12.654s) 7.225ms
[2017-12-23T20:23:04.063+0800][gc,start     ] GC(1) Pause Remark
[2017-12-23T20:23:04.099+0800][gc,stringtable] GC(1) Cleaned string and symbol table, strings: 7998 processed, 0 removed, symbols: 63742 processed, 40 removed
[2017-12-23T20:23:04.099+0800][gc,mmu        ] GC(1) MMU target violated: 21.0ms (20.0ms/21.0ms)
[2017-12-23T20:23:04.099+0800][gc            ] GC(1) Pause Remark 10M->10M(1024M) 35.285ms
[2017-12-23T20:23:04.099+0800][gc,cpu        ] GC(1) User=0.01s Sys=0.00s Real=0.03s
[2017-12-23T20:23:04.099+0800][gc,marking    ] GC(1) Concurrent Create Live Data
[2017-12-23T20:23:04.103+0800][gc,marking    ] GC(1) Concurrent Create Live Data 4.138ms
[2017-12-23T20:23:04.105+0800][gc,start      ] GC(1) Pause Cleanup
[2017-12-23T20:23:04.113+0800][gc            ] GC(1) Pause Cleanup 10M->10M(1024M) 8.038ms
[2017-12-23T20:23:04.113+0800][gc,cpu        ] GC(1) User=0.01s Sys=0.00s Real=0.01s
[2017-12-23T20:23:04.113+0800][gc,marking    ] GC(1) Concurrent Cleanup for Next Mark
[2017-12-23T20:23:04.234+0800][gc,marking    ] GC(1) Concurrent Cleanup for Next Mark 121.417ms
[2017-12-23T20:23:04.239+0800][gc            ] GC(1) Concurrent Cycle 223.523ms
[2017-12-23T20:23:12.602+0800][gc,start      ] GC(2) Pause Young (G1 Evacuation Pause)
[2017-12-23T20:23:12.602+0800][gc,task       ] GC(2) Using 1 workers of 1 for evacuation
[2017-12-23T20:23:13.080+0800][gc,mmu        ] GC(2) MMU target violated: 21.0ms (20.0ms/21.0ms)
[2017-12-23T20:23:13.080+0800][gc,phases     ] GC(2)   Pre Evacuate Collection Set: 0.1ms
[2017-12-23T20:23:13.080+0800][gc,phases     ] GC(2)   Evacuate Collection Set: 430.7ms
[2017-12-23T20:23:13.080+0800][gc,phases     ] GC(2)   Post Evacuate Collection Set: 47.5ms
[2017-12-23T20:23:13.080+0800][gc,phases     ] GC(2)   Other: 0.3ms
[2017-12-23T20:23:13.080+0800][gc,heap       ] GC(2) Eden regions: 44->0(44)
[2017-12-23T20:23:13.080+0800][gc,heap       ] GC(2) Survivor regions: 7->7(7)
[2017-12-23T20:23:13.080+0800][gc,heap       ] GC(2) Old regions: 4->9
[2017-12-23T20:23:13.080+0800][gc,heap       ] GC(2) Humongous regions: 129->129
[2017-12-23T20:23:13.080+0800][gc,metaspace  ] GC(2) Metaspace: 27981K->27981K(1075200K)
[2017-12-23T20:23:13.080+0800][gc            ] GC(2) Pause Young (G1 Evacuation Pause) 183M->144M(1024M) 478.747ms
[2017-12-23T20:23:13.080+0800][gc,cpu        ] GC(2) User=0.04s Sys=0.02s Real=0.48s
[2017-12-23T20:23:25.428+0800][gc,start      ] GC(3) Pause Initial Mark (Metadata GC Threshold)
[2017-12-23T20:23:25.428+0800][gc,task       ] GC(3) Using 1 workers of 1 for evacuation
[2017-12-23T20:23:25.455+0800][gc,mmu        ] GC(3) MMU target violated: 21.0ms (20.0ms/21.0ms)
[2017-12-23T20:23:25.455+0800][gc,phases     ] GC(3)   Pre Evacuate Collection Set: 0.0ms
[2017-12-23T20:23:25.455+0800][gc,phases     ] GC(3)   Evacuate Collection Set: 23.6ms
[2017-12-23T20:23:25.455+0800][gc,phases     ] GC(3)   Post Evacuate Collection Set: 2.3ms
[2017-12-23T20:23:25.455+0800][gc,phases     ] GC(3)   Other: 0.4ms
[2017-12-23T20:23:25.455+0800][gc,heap       ] GC(3) Eden regions: 35->0(46)
[2017-12-23T20:23:25.455+0800][gc,heap       ] GC(3) Survivor regions: 7->5(7)
[2017-12-23T20:23:25.455+0800][gc,heap       ] GC(3) Old regions: 9->11
[2017-12-23T20:23:25.455+0800][gc,heap       ] GC(3) Humongous regions: 129->129
[2017-12-23T20:23:25.455+0800][gc,metaspace  ] GC(3) Metaspace: 33633K->33633K(1081344K)
[2017-12-23T20:23:25.455+0800][gc            ] GC(3) Pause Initial Mark (Metadata GC Threshold) 179M->144M(1024M) 26.478ms
[2017-12-23T20:23:25.455+0800][gc,cpu        ] GC(3) User=0.02s Sys=0.00s Real=0.03s
[2017-12-23T20:23:25.455+0800][gc            ] GC(4) Concurrent Cycle
[2017-12-23T20:23:25.455+0800][gc,marking    ] GC(4) Concurrent Clear Claimed Marks
[2017-12-23T20:23:25.455+0800][gc,marking    ] GC(4) Concurrent Clear Claimed Marks 0.141ms
[2017-12-23T20:23:25.455+0800][gc,marking    ] GC(4) Concurrent Scan Root Regions
[2017-12-23T20:23:25.458+0800][gc,marking    ] GC(4) Concurrent Scan Root Regions 3.449ms
[2017-12-23T20:23:25.459+0800][gc,marking    ] GC(4) Concurrent Mark (34.049s)
[2017-12-23T20:23:25.459+0800][gc,marking    ] GC(4) Concurrent Mark From Roots
[2017-12-23T20:23:25.459+0800][gc,task       ] GC(4) Using 1 workers of 1 for marking
[2017-12-23T20:23:25.642+0800][gc,marking    ] GC(4) Concurrent Mark From Roots 183.109ms
[2017-12-23T20:23:25.642+0800][gc,marking    ] GC(4) Concurrent Mark (34.049s, 34.233s) 183.211ms
[2017-12-23T20:23:25.651+0800][gc,start      ] GC(4) Pause Remark
[2017-12-23T20:23:25.680+0800][gc,stringtable] GC(4) Cleaned string and symbol table, strings: 11603 processed, 19 removed, symbols: 95904 processed, 26 removed
[2017-12-23T20:23:25.681+0800][gc,mmu        ] GC(4) MMU target violated: 21.0ms (20.0ms/21.0ms)
[2017-12-23T20:23:25.681+0800][gc            ] GC(4) Pause Remark 147M->147M(1024M) 29.863ms
[2017-12-23T20:23:25.681+0800][gc,cpu        ] GC(4) User=0.02s Sys=0.00s Real=0.04s
[2017-12-23T20:23:25.684+0800][gc,marking    ] GC(4) Concurrent Create Live Data
[2017-12-23T20:23:25.693+0800][gc,marking    ] GC(4) Concurrent Create Live Data 9.001ms
[2017-12-23T20:23:25.694+0800][gc,start      ] GC(4) Pause Cleanup
[2017-12-23T20:23:25.698+0800][gc            ] GC(4) Pause Cleanup 147M->144M(1024M) 4.230ms
[2017-12-23T20:23:25.698+0800][gc,cpu        ] GC(4) User=0.00s Sys=0.00s Real=0.00s
[2017-12-23T20:23:25.698+0800][gc,marking    ] GC(4) Concurrent Complete Cleanup
[2017-12-23T20:23:25.698+0800][gc,marking    ] GC(4) Concurrent Complete Cleanup 0.025ms
[2017-12-23T20:23:25.698+0800][gc,marking    ] GC(4) Concurrent Cleanup for Next Mark
[2017-12-23T20:23:25.712+0800][gc,marking    ] GC(4) Concurrent Cleanup for Next Mark 13.458ms
[2017-12-23T20:23:25.712+0800][gc            ] GC(4) Concurrent Cycle 256.766ms
[2017-12-23T20:35:07.093+0800][gc,heap,exit  ] Heap
[2017-12-23T20:35:07.108+0800][gc,heap,exit  ]  garbage-first heap   total 1048576K, used 183040K [0x00000000c0000000, 0x00000000c0102000, 0x0000000100000000)
[2017-12-23T20:35:07.108+0800][gc,heap,exit  ]   region size 1024K, 43 young (44032K), 5 survivors (5120K)
[2017-12-23T20:35:07.108+0800][gc,heap,exit  ]  Metaspace       used 36108K, capacity 39330K, committed 39552K, reserved 1083392K
[2017-12-23T20:35:07.108+0800][gc,heap,exit  ]   class space    used 4408K, capacity 4728K, committed 4736K, reserved 1048576K
