[2017-12-23T20:22:48.967+0800][gc,heap] Heap region size: 1M
[2017-12-23T20:22:49.037+0800][gc     ] Using G1
[2017-12-23T20:22:49.037+0800][gc,heap,coops] Heap address: 0x00000000c0000000, size: 1024 MB, Compressed Oops mode: 32-bit
[2017-12-23T20:23:00.960+0800][gc,start     ] GC(0) Pause Initial Mark (Metadata GC Threshold)
[2017-12-23T20:23:00.961+0800][gc,task      ] GC(0) Using 1 workers of 1 for evacuation
[2017-12-23T20:23:01.289+0800][gc,mmu       ] GC(0) MMU target violated: 21.0ms (20.0ms/21.0ms)
[2017-12-23T20:23:01.289+0800][gc,phases    ] GC(0)   Pre Evacuate Collection Set: 0.3ms
[2017-12-23T20:23:01.289+0800][gc,phases    ] GC(0)   Evacuate Collection Set: 286.8ms
[2017-12-23T20:23:01.289+0800][gc,phases    ] GC(0)   Post Evacuate Collection Set: 41.4ms
[2017-12-23T20:23:01.290+0800][gc,phases    ] GC(0)   Other: 0.5ms
[2017-12-23T20:23:01.290+0800][gc,heap      ] GC(0) Eden regions: 47->0(44)
[2017-12-23T20:23:01.290+0800][gc,heap      ] GC(0) Survivor regions: 0->7(7)
[2017-12-23T20:23:01.290+0800][gc,heap      ] GC(0) Old regions: 0->4
[2017-12-23T20:23:01.290+0800][gc,heap      ] GC(0) Humongous regions: 0->0
[2017-12-23T20:23:01.290+0800][gc,metaspace ] GC(0) Metaspace: 20337K->20337K(1069056K)
[2017-12-23T20:23:01.290+0800][gc           ] GC(0) Pause Initial Mark (Metadata GC Threshold) 47M->10M(1024M) 329.151ms
[2017-12-23T20:23:01.290+0800][gc,cpu       ] GC(0) User=0.08s Sys=0.01s Real=0.32s
[2017-12-23T20:23:01.290+0800][gc           ] GC(1) Concurrent Cycle
[2017-12-23T20:23:01.290+0800][gc,marking   ] GC(1) Concurrent Clear Claimed Marks
[2017-12-23T20:23:01.290+0800][gc,marking   ] GC(1) Concurrent Clear Claimed Marks 0.067ms
[2017-12-23T20:23:01.290+0800][gc,marking   ] GC(1) Concurrent Scan Root Regions
[2017-12-23T20:23:01.337+0800][gc,marking   ] GC(1) Concurrent Scan Root Regions 46.998ms
[2017-12-23T20:23:01.337+0800][gc,marking   ] GC(1) Concurrent Mark (12.393s)
[2017-12-23T20:23:01.337+0800][gc,marking   ] GC(1) Concurrent Mark From Roots
[2017-12-23T20:23:01.337+0800][gc,task      ] GC(1) Using 1 workers of 1 for marking
[2017-12-23T20:23:01.349+0800][gc,marking   ] GC(1) Concurrent Mark From Roots 12.152ms
[2017-12-23T20:23:01.349+0800][gc,marking   ] GC(1) Concurrent Mark (12.393s, 12.406s) 12.260ms
[2017-12-23T20:23:01.351+0800][gc,start     ] GC(1) Pause Remark
[2017-12-23T20:23:01.427+0800][gc,stringtable] GC(1) Cleaned string and symbol table, strings: 8011 processed, 0 removed, symbols: 63787 processed, 39 removed
[2017-12-23T20:23:01.427+0800][gc,mmu        ] GC(1) MMU target violated: 21.0ms (20.0ms/21.0ms)
[2017-12-23T20:23:01.427+0800][gc            ] GC(1) Pause Remark 10M->10M(1024M) 75.782ms
[2017-12-23T20:23:01.427+0800][gc,cpu        ] GC(1) User=0.02s Sys=0.00s Real=0.08s
[2017-12-23T20:23:01.428+0800][gc,marking    ] GC(1) Concurrent Create Live Data
[2017-12-23T20:23:01.430+0800][gc,marking    ] GC(1) Concurrent Create Live Data 2.623ms
[2017-12-23T20:23:01.432+0800][gc,start      ] GC(1) Pause Cleanup
[2017-12-23T20:23:01.441+0800][gc            ] GC(1) Pause Cleanup 10M->10M(1024M) 9.174ms
[2017-12-23T20:23:01.441+0800][gc,cpu        ] GC(1) User=0.00s Sys=0.00s Real=0.02s
[2017-12-23T20:23:01.441+0800][gc,marking    ] GC(1) Concurrent Cleanup for Next Mark
[2017-12-23T20:23:01.586+0800][gc,marking    ] GC(1) Concurrent Cleanup for Next Mark 144.301ms
[2017-12-23T20:23:01.586+0800][gc            ] GC(1) Concurrent Cycle 296.093ms
[2017-12-23T20:23:08.556+0800][gc,start      ] GC(2) Pause Young (G1 Evacuation Pause)
[2017-12-23T20:23:08.556+0800][gc,task       ] GC(2) Using 1 workers of 1 for evacuation
[2017-12-23T20:23:08.876+0800][gc,mmu        ] GC(2) MMU target violated: 21.0ms (20.0ms/21.0ms)
[2017-12-23T20:23:08.876+0800][gc,phases     ] GC(2)   Pre Evacuate Collection Set: 0.1ms
[2017-12-23T20:23:08.876+0800][gc,phases     ] GC(2)   Evacuate Collection Set: 282.3ms
[2017-12-23T20:23:08.876+0800][gc,phases     ] GC(2)   Post Evacuate Collection Set: 37.4ms
[2017-12-23T20:23:08.876+0800][gc,phases     ] GC(2)   Other: 0.3ms
[2017-12-23T20:23:08.876+0800][gc,heap       ] GC(2) Eden regions: 44->0(44)
[2017-12-23T20:23:08.876+0800][gc,heap       ] GC(2) Survivor regions: 7->7(7)
[2017-12-23T20:23:08.876+0800][gc,heap       ] GC(2) Old regions: 4->9
[2017-12-23T20:23:08.876+0800][gc,heap       ] GC(2) Humongous regions: 129->129
[2017-12-23T20:23:08.876+0800][gc,metaspace  ] GC(2) Metaspace: 28004K->28004K(1075200K)
[2017-12-23T20:23:08.876+0800][gc            ] GC(2) Pause Young (G1 Evacuation Pause) 183M->144M(1024M) 320.182ms
[2017-12-23T20:23:08.876+0800][gc,cpu        ] GC(2) User=0.05s Sys=0.02s Real=0.32s
[2017-12-23T20:23:22.580+0800][gc,start      ] GC(3) Pause Initial Mark (Metadata GC Threshold)
[2017-12-23T20:23:22.581+0800][gc,task       ] GC(3) Using 1 workers of 1 for evacuation
[2017-12-23T20:23:22.752+0800][gc,mmu        ] GC(3) MMU target violated: 21.0ms (20.0ms/21.0ms)
[2017-12-23T20:23:22.752+0800][gc,phases     ] GC(3)   Pre Evacuate Collection Set: 0.0ms
[2017-12-23T20:23:22.752+0800][gc,phases     ] GC(3)   Evacuate Collection Set: 161.4ms
[2017-12-23T20:23:22.752+0800][gc,phases     ] GC(3)   Post Evacuate Collection Set: 9.8ms
[2017-12-23T20:23:22.752+0800][gc,phases     ] GC(3)   Other: 0.4ms
[2017-12-23T20:23:22.752+0800][gc,heap       ] GC(3) Eden regions: 35->0(46)
[2017-12-23T20:23:22.752+0800][gc,heap       ] GC(3) Survivor regions: 7->5(7)
[2017-12-23T20:23:22.752+0800][gc,heap       ] GC(3) Old regions: 9->11
[2017-12-23T20:23:22.752+0800][gc,heap       ] GC(3) Humongous regions: 129->129
[2017-12-23T20:23:22.752+0800][gc,metaspace  ] GC(3) Metaspace: 33675K->33675K(1081344K)
[2017-12-23T20:23:22.752+0800][gc            ] GC(3) Pause Initial Mark (Metadata GC Threshold) 179M->144M(1024M) 171.691ms
[2017-12-23T20:23:22.752+0800][gc,cpu        ] GC(3) User=0.04s Sys=0.00s Real=0.17s
[2017-12-23T20:23:22.752+0800][gc            ] GC(4) Concurrent Cycle
[2017-12-23T20:23:22.752+0800][gc,marking    ] GC(4) Concurrent Clear Claimed Marks
[2017-12-23T20:23:22.752+0800][gc,marking    ] GC(4) Concurrent Clear Claimed Marks 0.141ms
[2017-12-23T20:23:22.752+0800][gc,marking    ] GC(4) Concurrent Scan Root Regions
[2017-12-23T20:23:22.769+0800][gc,marking    ] GC(4) Concurrent Scan Root Regions 16.958ms
[2017-12-23T20:23:22.769+0800][gc,marking    ] GC(4) Concurrent Mark (33.826s)
[2017-12-23T20:23:22.769+0800][gc,marking    ] GC(4) Concurrent Mark From Roots
[2017-12-23T20:23:22.769+0800][gc,task       ] GC(4) Using 1 workers of 1 for marking
[2017-12-23T20:23:22.953+0800][gc,marking    ] GC(4) Concurrent Mark From Roots 183.698ms
[2017-12-23T20:23:22.953+0800][gc,marking    ] GC(4) Concurrent Mark (33.826s, 34.010s) 183.799ms
[2017-12-23T20:23:22.953+0800][gc,start      ] GC(4) Pause Remark
[2017-12-23T20:23:23.120+0800][gc,stringtable] GC(4) Cleaned string and symbol table, strings: 11591 processed, 19 removed, symbols: 95923 processed, 26 removed
[2017-12-23T20:23:23.120+0800][gc,mmu        ] GC(4) MMU target violated: 21.0ms (20.0ms/21.0ms)
[2017-12-23T20:23:23.120+0800][gc            ] GC(4) Pause Remark 146M->146M(1024M) 166.577ms
[2017-12-23T20:23:23.120+0800][gc,cpu        ] GC(4) User=0.03s Sys=0.00s Real=0.17s
[2017-12-23T20:23:23.120+0800][gc,marking    ] GC(4) Concurrent Create Live Data
[2017-12-23T20:23:23.155+0800][gc,marking    ] GC(4) Concurrent Create Live Data 34.137ms
[2017-12-23T20:23:23.182+0800][gc,start      ] GC(4) Pause Cleanup
[2017-12-23T20:23:23.184+0800][gc            ] GC(4) Pause Cleanup 146M->143M(1024M) 1.815ms
[2017-12-23T20:23:23.184+0800][gc,cpu        ] GC(4) User=0.01s Sys=0.00s Real=0.00s
[2017-12-23T20:23:23.184+0800][gc,marking    ] GC(4) Concurrent Complete Cleanup
[2017-12-23T20:23:23.184+0800][gc,marking    ] GC(4) Concurrent Complete Cleanup 0.025ms
[2017-12-23T20:23:23.184+0800][gc,marking    ] GC(4) Concurrent Cleanup for Next Mark
[2017-12-23T20:23:23.285+0800][gc,marking    ] GC(4) Concurrent Cleanup for Next Mark 101.377ms
[2017-12-23T20:23:23.286+0800][gc            ] GC(4) Concurrent Cycle 533.317ms
[2017-12-23T20:35:18.744+0800][gc,heap,exit  ] Heap
[2017-12-23T20:35:18.775+0800][gc,heap,exit  ]  garbage-first heap   total 1048576K, used 185088K [0x00000000c0000000, 0x00000000c0102000, 0x0000000100000000)
[2017-12-23T20:35:18.775+0800][gc,heap,exit  ]   region size 1024K, 45 young (46080K), 5 survivors (5120K)
[2017-12-23T20:35:18.775+0800][gc,heap,exit  ]  Metaspace       used 36171K, capacity 39390K, committed 39552K, reserved 1083392K
[2017-12-23T20:35:18.775+0800][gc,heap,exit  ]   class space    used 4411K, capacity 4736K, committed 4736K, reserved 1048576K
