[2017-12-23T20:22:47.471+0800][gc,heap] Heap region size: 1M
[2017-12-23T20:22:47.492+0800][gc     ] Using G1
[2017-12-23T20:22:47.492+0800][gc,heap,coops] Heap address: 0x00000000c0000000, size: 1024 MB, Compressed Oops mode: 32-bit
[2017-12-23T20:22:58.299+0800][gc,start     ] GC(0) Pause Initial Mark (Metadata GC Threshold)
[2017-12-23T20:22:58.299+0800][gc,task      ] GC(0) Using 1 workers of 1 for evacuation
[2017-12-23T20:22:58.492+0800][gc,mmu       ] GC(0) MMU target violated: 21.0ms (20.0ms/21.0ms)
[2017-12-23T20:22:58.492+0800][gc,phases    ] GC(0)   Pre Evacuate Collection Set: 0.0ms
[2017-12-23T20:22:58.492+0800][gc,phases    ] GC(0)   Evacuate Collection Set: 164.8ms
[2017-12-23T20:22:58.492+0800][gc,phases    ] GC(0)   Post Evacuate Collection Set: 27.5ms
[2017-12-23T20:22:58.492+0800][gc,phases    ] GC(0)   Other: 0.4ms
[2017-12-23T20:22:58.492+0800][gc,heap      ] GC(0) Eden regions: 47->0(44)
[2017-12-23T20:22:58.492+0800][gc,heap      ] GC(0) Survivor regions: 0->7(7)
[2017-12-23T20:22:58.492+0800][gc,heap      ] GC(0) Old regions: 0->4
[2017-12-23T20:22:58.492+0800][gc,heap      ] GC(0) Humongous regions: 0->0
[2017-12-23T20:22:58.492+0800][gc,metaspace ] GC(0) Metaspace: 20335K->20335K(1069056K)
[2017-12-23T20:22:58.492+0800][gc           ] GC(0) Pause Initial Mark (Metadata GC Threshold) 47M->10M(1024M) 192.781ms
[2017-12-23T20:22:58.492+0800][gc,cpu       ] GC(0) User=0.06s Sys=0.01s Real=0.19s
[2017-12-23T20:22:58.492+0800][gc           ] GC(1) Concurrent Cycle
[2017-12-23T20:22:58.492+0800][gc,marking   ] GC(1) Concurrent Clear Claimed Marks
[2017-12-23T20:22:58.492+0800][gc,marking   ] GC(1) Concurrent Clear Claimed Marks 0.057ms
[2017-12-23T20:22:58.492+0800][gc,marking   ] GC(1) Concurrent Scan Root Regions
[2017-12-23T20:22:58.505+0800][gc,marking   ] GC(1) Concurrent Scan Root Regions 12.964ms
[2017-12-23T20:22:58.505+0800][gc,marking   ] GC(1) Concurrent Mark (11.047s)
[2017-12-23T20:22:58.505+0800][gc,marking   ] GC(1) Concurrent Mark From Roots
[2017-12-23T20:22:58.505+0800][gc,task      ] GC(1) Using 1 workers of 1 for marking
[2017-12-23T20:22:58.532+0800][gc,marking   ] GC(1) Concurrent Mark From Roots 26.433ms
[2017-12-23T20:22:58.532+0800][gc,marking   ] GC(1) Concurrent Mark (11.047s, 11.073s) 26.512ms
[2017-12-23T20:22:58.551+0800][gc,start     ] GC(1) Pause Remark
[2017-12-23T20:22:58.589+0800][gc,stringtable] GC(1) Cleaned string and symbol table, strings: 8005 processed, 0 removed, symbols: 63904 processed, 39 removed
[2017-12-23T20:22:58.589+0800][gc,mmu        ] GC(1) MMU target violated: 21.0ms (20.0ms/21.0ms)
[2017-12-23T20:22:58.589+0800][gc            ] GC(1) Pause Remark 10M->10M(1024M) 38.184ms
[2017-12-23T20:22:58.589+0800][gc,cpu        ] GC(1) User=0.02s Sys=0.00s Real=0.04s
[2017-12-23T20:22:58.591+0800][gc,marking    ] GC(1) Concurrent Create Live Data
[2017-12-23T20:22:58.597+0800][gc,marking    ] GC(1) Concurrent Create Live Data 5.832ms
[2017-12-23T20:22:58.601+0800][gc,start      ] GC(1) Pause Cleanup
[2017-12-23T20:22:58.608+0800][gc            ] GC(1) Pause Cleanup 10M->10M(1024M) 6.847ms
[2017-12-23T20:22:58.608+0800][gc,cpu        ] GC(1) User=0.00s Sys=0.00s Real=0.00s
[2017-12-23T20:22:58.608+0800][gc,marking    ] GC(1) Concurrent Cleanup for Next Mark
[2017-12-23T20:22:58.727+0800][gc,marking    ] GC(1) Concurrent Cleanup for Next Mark 118.849ms
[2017-12-23T20:22:58.727+0800][gc            ] GC(1) Concurrent Cycle 234.856ms
[2017-12-23T20:23:05.764+0800][gc,start      ] GC(2) Pause Young (G1 Evacuation Pause)
[2017-12-23T20:23:05.764+0800][gc,task       ] GC(2) Using 1 workers of 1 for evacuation
[2017-12-23T20:23:05.941+0800][gc,mmu        ] GC(2) MMU target violated: 21.0ms (20.0ms/21.0ms)
[2017-12-23T20:23:05.941+0800][gc,phases     ] GC(2)   Pre Evacuate Collection Set: 0.0ms
[2017-12-23T20:23:05.941+0800][gc,phases     ] GC(2)   Evacuate Collection Set: 145.4ms
[2017-12-23T20:23:05.941+0800][gc,phases     ] GC(2)   Post Evacuate Collection Set: 31.1ms
[2017-12-23T20:23:05.941+0800][gc,phases     ] GC(2)   Other: 0.3ms
[2017-12-23T20:23:05.941+0800][gc,heap       ] GC(2) Eden regions: 44->0(44)
[2017-12-23T20:23:05.941+0800][gc,heap       ] GC(2) Survivor regions: 7->7(7)
[2017-12-23T20:23:05.941+0800][gc,heap       ] GC(2) Old regions: 4->10
[2017-12-23T20:23:05.941+0800][gc,heap       ] GC(2) Humongous regions: 129->129
[2017-12-23T20:23:05.941+0800][gc,metaspace  ] GC(2) Metaspace: 28206K->28206K(1075200K)
[2017-12-23T20:23:05.942+0800][gc            ] GC(2) Pause Young (G1 Evacuation Pause) 183M->145M(1024M) 177.970ms
[2017-12-23T20:23:05.942+0800][gc,cpu        ] GC(2) User=0.03s Sys=0.02s Real=0.18s
[2017-12-23T20:23:11.740+0800][gc,start      ] GC(3) Pause Initial Mark (Metadata GC Threshold)
[2017-12-23T20:23:11.740+0800][gc,task       ] GC(3) Using 1 workers of 1 for evacuation
[2017-12-23T20:23:11.888+0800][gc,mmu        ] GC(3) MMU target violated: 21.0ms (20.0ms/21.0ms)
[2017-12-23T20:23:11.888+0800][gc,phases     ] GC(3)   Pre Evacuate Collection Set: 0.0ms
[2017-12-23T20:23:11.888+0800][gc,phases     ] GC(3)   Evacuate Collection Set: 143.3ms
[2017-12-23T20:23:11.888+0800][gc,phases     ] GC(3)   Post Evacuate Collection Set: 4.3ms
[2017-12-23T20:23:11.888+0800][gc,phases     ] GC(3)   Other: 0.4ms
[2017-12-23T20:23:11.888+0800][gc,heap       ] GC(3) Eden regions: 34->0(46)
[2017-12-23T20:23:11.888+0800][gc,heap       ] GC(3) Survivor regions: 7->5(7)
[2017-12-23T20:23:11.888+0800][gc,heap       ] GC(3) Old regions: 10->12
[2017-12-23T20:23:11.888+0800][gc,heap       ] GC(3) Humongous regions: 129->129
[2017-12-23T20:23:11.888+0800][gc,metaspace  ] GC(3) Metaspace: 33658K->33658K(1081344K)
[2017-12-23T20:23:11.888+0800][gc            ] GC(3) Pause Initial Mark (Metadata GC Threshold) 179M->144M(1024M) 148.093ms
[2017-12-23T20:23:11.888+0800][gc,cpu        ] GC(3) User=0.04s Sys=0.00s Real=0.14s
[2017-12-23T20:23:11.888+0800][gc            ] GC(4) Concurrent Cycle
[2017-12-23T20:23:11.888+0800][gc,marking    ] GC(4) Concurrent Clear Claimed Marks
[2017-12-23T20:23:11.889+0800][gc,marking    ] GC(4) Concurrent Clear Claimed Marks 0.140ms
[2017-12-23T20:23:11.889+0800][gc,marking    ] GC(4) Concurrent Scan Root Regions
[2017-12-23T20:23:11.921+0800][gc,marking    ] GC(4) Concurrent Scan Root Regions 32.841ms
[2017-12-23T20:23:11.921+0800][gc,marking    ] GC(4) Concurrent Mark (24.463s)
[2017-12-23T20:23:11.921+0800][gc,marking    ] GC(4) Concurrent Mark From Roots
[2017-12-23T20:23:11.921+0800][gc,task       ] GC(4) Using 1 workers of 1 for marking
[2017-12-23T20:23:12.201+0800][gc,marking    ] GC(4) Concurrent Mark From Roots 279.837ms
[2017-12-23T20:23:12.201+0800][gc,marking    ] GC(4) Concurrent Mark (24.463s, 24.743s) 279.921ms
[2017-12-23T20:23:12.205+0800][gc,start      ] GC(4) Pause Remark
[2017-12-23T20:23:12.360+0800][gc,stringtable] GC(4) Cleaned string and symbol table, strings: 11594 processed, 18 removed, symbols: 96063 processed, 24 removed
[2017-12-23T20:23:12.360+0800][gc,mmu        ] GC(4) MMU target violated: 21.0ms (20.0ms/21.0ms)
[2017-12-23T20:23:12.360+0800][gc            ] GC(4) Pause Remark 147M->147M(1024M) 155.453ms
[2017-12-23T20:23:12.360+0800][gc,cpu        ] GC(4) User=0.04s Sys=0.00s Real=0.16s
[2017-12-23T20:23:12.369+0800][gc,marking    ] GC(4) Concurrent Create Live Data
[2017-12-23T20:23:12.387+0800][gc,marking    ] GC(4) Concurrent Create Live Data 18.361ms
[2017-12-23T20:23:12.388+0800][gc,start      ] GC(4) Pause Cleanup
[2017-12-23T20:23:12.393+0800][gc            ] GC(4) Pause Cleanup 147M->144M(1024M) 4.916ms
[2017-12-23T20:23:12.393+0800][gc,cpu        ] GC(4) User=0.01s Sys=0.00s Real=0.01s
[2017-12-23T20:23:12.393+0800][gc,marking    ] GC(4) Concurrent Complete Cleanup
[2017-12-23T20:23:12.393+0800][gc,marking    ] GC(4) Concurrent Complete Cleanup 0.024ms
[2017-12-23T20:23:12.393+0800][gc,marking    ] GC(4) Concurrent Cleanup for Next Mark
[2017-12-23T20:23:12.495+0800][gc,marking    ] GC(4) Concurrent Cleanup for Next Mark 101.975ms
[2017-12-23T20:23:12.495+0800][gc            ] GC(4) Concurrent Cycle 606.435ms
[2017-12-23T20:23:31.189+0800][gc,start      ] GC(5) Pause Young (G1 Evacuation Pause)
[2017-12-23T20:23:31.189+0800][gc,task       ] GC(5) Using 1 workers of 1 for evacuation
[2017-12-23T20:23:31.213+0800][gc,mmu        ] GC(5) MMU target violated: 21.0ms (20.0ms/21.0ms)
[2017-12-23T20:23:31.213+0800][gc,phases     ] GC(5)   Pre Evacuate Collection Set: 0.1ms
[2017-12-23T20:23:31.213+0800][gc,phases     ] GC(5)   Evacuate Collection Set: 22.2ms
[2017-12-23T20:23:31.213+0800][gc,phases     ] GC(5)   Post Evacuate Collection Set: 1.4ms
[2017-12-23T20:23:31.213+0800][gc,phases     ] GC(5)   Other: 0.4ms
[2017-12-23T20:23:31.213+0800][gc,heap       ] GC(5) Eden regions: 46->0(48)
[2017-12-23T20:23:31.213+0800][gc,heap       ] GC(5) Survivor regions: 5->3(7)
[2017-12-23T20:23:31.213+0800][gc,heap       ] GC(5) Old regions: 9->11
[2017-12-23T20:23:31.213+0800][gc,heap       ] GC(5) Humongous regions: 135->129
[2017-12-23T20:23:31.213+0800][gc,metaspace  ] GC(5) Metaspace: 37569K->37569K(1085440K)
[2017-12-23T20:23:31.213+0800][gc            ] GC(5) Pause Young (G1 Evacuation Pause) 193M->142M(1024M) 24.158ms
[2017-12-23T20:23:31.213+0800][gc,cpu        ] GC(5) User=0.02s Sys=0.00s Real=0.03s
[2017-12-23T20:27:08.797+0800][gc,start      ] GC(6) Pause Young (G1 Evacuation Pause)
[2017-12-23T20:27:08.797+0800][gc,task       ] GC(6) Using 1 workers of 1 for evacuation
[2017-12-23T20:27:08.820+0800][gc,mmu        ] GC(6) MMU target violated: 21.0ms (20.0ms/21.0ms)
[2017-12-23T20:27:08.820+0800][gc,phases     ] GC(6)   Pre Evacuate Collection Set: 0.1ms
[2017-12-23T20:27:08.820+0800][gc,phases     ] GC(6)   Evacuate Collection Set: 22.2ms
[2017-12-23T20:27:08.820+0800][gc,phases     ] GC(6)   Post Evacuate Collection Set: 0.8ms
[2017-12-23T20:27:08.820+0800][gc,phases     ] GC(6)   Other: 0.4ms
[2017-12-23T20:27:08.820+0800][gc,heap       ] GC(6) Eden regions: 48->0(47)
[2017-12-23T20:27:08.820+0800][gc,heap       ] GC(6) Survivor regions: 3->4(7)
[2017-12-23T20:27:08.820+0800][gc,heap       ] GC(6) Old regions: 11->11
[2017-12-23T20:27:08.820+0800][gc,heap       ] GC(6) Humongous regions: 129->129
[2017-12-23T20:27:08.820+0800][gc,metaspace  ] GC(6) Metaspace: 38534K->38534K(1087488K)
[2017-12-23T20:27:08.820+0800][gc            ] GC(6) Pause Young (G1 Evacuation Pause) 190M->143M(1024M) 23.490ms
[2017-12-23T20:27:08.820+0800][gc,cpu        ] GC(6) User=0.03s Sys=0.00s Real=0.03s
[2017-12-23T20:30:54.989+0800][gc,start      ] GC(7) Pause Young (G1 Evacuation Pause)
[2017-12-23T20:30:54.989+0800][gc,task       ] GC(7) Using 1 workers of 1 for evacuation
[2017-12-23T20:30:55.012+0800][gc,mmu        ] GC(7) MMU target violated: 21.0ms (20.0ms/21.0ms)
[2017-12-23T20:30:55.012+0800][gc,phases     ] GC(7)   Pre Evacuate Collection Set: 0.1ms
[2017-12-23T20:30:55.012+0800][gc,phases     ] GC(7)   Evacuate Collection Set: 21.3ms
[2017-12-23T20:30:55.012+0800][gc,phases     ] GC(7)   Post Evacuate Collection Set: 0.8ms
[2017-12-23T20:30:55.012+0800][gc,phases     ] GC(7)   Other: 0.4ms
[2017-12-23T20:30:55.012+0800][gc,heap       ] GC(7) Eden regions: 47->0(47)
[2017-12-23T20:30:55.012+0800][gc,heap       ] GC(7) Survivor regions: 4->4(7)
[2017-12-23T20:30:55.012+0800][gc,heap       ] GC(7) Old regions: 11->11
[2017-12-23T20:30:55.012+0800][gc,heap       ] GC(7) Humongous regions: 129->129
[2017-12-23T20:30:55.012+0800][gc,metaspace  ] GC(7) Metaspace: 38675K->38675K(1087488K)
[2017-12-23T20:30:55.012+0800][gc            ] GC(7) Pause Young (G1 Evacuation Pause) 190M->143M(1024M) 22.603ms
[2017-12-23T20:30:55.012+0800][gc,cpu        ] GC(7) User=0.02s Sys=0.00s Real=0.03s
[2017-12-23T20:34:55.365+0800][gc,start      ] GC(8) Pause Young (G1 Evacuation Pause)
[2017-12-23T20:34:55.408+0800][gc,task       ] GC(8) Using 1 workers of 1 for evacuation
[2017-12-23T20:34:57.172+0800][gc,mmu        ] GC(8) MMU target violated: 21.0ms (20.0ms/21.0ms)
[2017-12-23T20:34:57.172+0800][gc,phases     ] GC(8)   Pre Evacuate Collection Set: 421.4ms
[2017-12-23T20:34:57.172+0800][gc,phases     ] GC(8)   Evacuate Collection Set: 1259.8ms
[2017-12-23T20:34:57.172+0800][gc,phases     ] GC(8)   Post Evacuate Collection Set: 65.7ms
[2017-12-23T20:34:57.172+0800][gc,phases     ] GC(8)   Other: 59.4ms
[2017-12-23T20:34:57.172+0800][gc,heap       ] GC(8) Eden regions: 47->0(47)
[2017-12-23T20:34:57.172+0800][gc,heap       ] GC(8) Survivor regions: 4->4(7)
[2017-12-23T20:34:57.172+0800][gc,heap       ] GC(8) Old regions: 11->11
[2017-12-23T20:34:57.172+0800][gc,heap       ] GC(8) Humongous regions: 129->129
[2017-12-23T20:34:57.172+0800][gc,metaspace  ] GC(8) Metaspace: 39126K->39126K(1087488K)
[2017-12-23T20:34:57.172+0800][gc            ] GC(8) Pause Young (G1 Evacuation Pause) 190M->143M(1024M) 1806.375ms
[2017-12-23T20:34:57.172+0800][gc,cpu        ] GC(8) User=0.07s Sys=0.02s Real=1.81s
[2017-12-23T20:35:19.774+0800][gc,heap,exit  ] Heap
[2017-12-23T20:35:19.774+0800][gc,heap,exit  ]  garbage-first heap   total 1048576K, used 158223K [0x00000000c0000000, 0x00000000c0102000, 0x0000000100000000)
[2017-12-23T20:35:19.774+0800][gc,heap,exit  ]   region size 1024K, 16 young (16384K), 4 survivors (4096K)
[2017-12-23T20:35:19.774+0800][gc,heap,exit  ]  Metaspace       used 39587K, capacity 43736K, committed 43904K, reserved 1087488K
[2017-12-23T20:35:19.774+0800][gc,heap,exit  ]   class space    used 4811K, capacity 5208K, committed 5248K, reserved 1048576K
