[2017-12-23T20:35:16.683+0800][gc,heap] Heap region size: 1M
[2017-12-23T20:35:16.741+0800][gc     ] Using G1
[2017-12-23T20:35:16.741+0800][gc,heap,coops] Heap address: 0x00000000c0000000, size: 1024 MB, Compressed Oops mode: 32-bit
[2017-12-23T20:35:36.423+0800][gc,start     ] GC(0) Pause Initial Mark (Metadata GC Threshold)
[2017-12-23T20:35:36.423+0800][gc,task      ] GC(0) Using 1 workers of 1 for evacuation
[2017-12-23T20:35:36.620+0800][gc,mmu       ] GC(0) MMU target violated: 21.0ms (20.0ms/21.0ms)
[2017-12-23T20:35:36.627+0800][gc,phases    ] GC(0)   Pre Evacuate Collection Set: 0.0ms
[2017-12-23T20:35:36.627+0800][gc,phases    ] GC(0)   Evacuate Collection Set: 178.5ms
[2017-12-23T20:35:36.627+0800][gc,phases    ] GC(0)   Post Evacuate Collection Set: 17.6ms
[2017-12-23T20:35:36.627+0800][gc,phases    ] GC(0)   Other: 7.7ms
[2017-12-23T20:35:36.627+0800][gc,heap      ] GC(0) Eden regions: 47->0(44)
[2017-12-23T20:35:36.627+0800][gc,heap      ] GC(0) Survivor regions: 0->7(7)
[2017-12-23T20:35:36.627+0800][gc,heap      ] GC(0) Old regions: 0->4
[2017-12-23T20:35:36.627+0800][gc,heap      ] GC(0) Humongous regions: 0->0
[2017-12-23T20:35:36.627+0800][gc,metaspace ] GC(0) Metaspace: 20332K->20332K(1069056K)
[2017-12-23T20:35:36.627+0800][gc           ] GC(0) Pause Initial Mark (Metadata GC Threshold) 47M->10M(1024M) 203.989ms
[2017-12-23T20:35:36.627+0800][gc,cpu       ] GC(0) User=0.05s Sys=0.02s Real=0.20s
[2017-12-23T20:35:36.627+0800][gc           ] GC(1) Concurrent Cycle
[2017-12-23T20:35:36.628+0800][gc,marking   ] GC(1) Concurrent Clear Claimed Marks
[2017-12-23T20:35:36.628+0800][gc,marking   ] GC(1) Concurrent Clear Claimed Marks 0.055ms
[2017-12-23T20:35:36.628+0800][gc,marking   ] GC(1) Concurrent Scan Root Regions
[2017-12-23T20:35:36.633+0800][gc,marking   ] GC(1) Concurrent Scan Root Regions 5.842ms
[2017-12-23T20:35:36.633+0800][gc,marking   ] GC(1) Concurrent Mark (20.360s)
[2017-12-23T20:35:36.633+0800][gc,marking   ] GC(1) Concurrent Mark From Roots
[2017-12-23T20:35:36.634+0800][gc,task      ] GC(1) Using 1 workers of 1 for marking
[2017-12-23T20:35:36.664+0800][gc,marking   ] GC(1) Concurrent Mark From Roots 30.633ms
[2017-12-23T20:35:36.664+0800][gc,marking   ] GC(1) Concurrent Mark (20.360s, 20.391s) 30.782ms
[2017-12-23T20:35:36.665+0800][gc,start     ] GC(1) Pause Remark
[2017-12-23T20:35:36.736+0800][gc,stringtable] GC(1) Cleaned string and symbol table, strings: 7999 processed, 0 removed, symbols: 63786 processed, 39 removed
[2017-12-23T20:35:36.736+0800][gc,mmu        ] GC(1) MMU target violated: 21.0ms (20.0ms/21.0ms)
[2017-12-23T20:35:36.736+0800][gc            ] GC(1) Pause Remark 11M->11M(1024M) 70.641ms
[2017-12-23T20:35:36.736+0800][gc,cpu        ] GC(1) User=0.02s Sys=0.00s Real=0.07s
[2017-12-23T20:35:36.736+0800][gc,marking    ] GC(1) Concurrent Create Live Data
[2017-12-23T20:35:36.737+0800][gc,marking    ] GC(1) Concurrent Create Live Data 0.584ms
[2017-12-23T20:35:36.737+0800][gc,start      ] GC(1) Pause Cleanup
[2017-12-23T20:35:36.758+0800][gc,mmu        ] GC(1) MMU target violated: 21.0ms (20.0ms/21.0ms)
[2017-12-23T20:35:36.758+0800][gc            ] GC(1) Pause Cleanup 11M->11M(1024M) 21.555ms
[2017-12-23T20:35:36.758+0800][gc,cpu        ] GC(1) User=0.00s Sys=0.00s Real=0.02s
[2017-12-23T20:35:36.758+0800][gc,marking    ] GC(1) Concurrent Cleanup for Next Mark
[2017-12-23T20:35:36.828+0800][gc,marking    ] GC(1) Concurrent Cleanup for Next Mark 69.755ms
[2017-12-23T20:35:36.828+0800][gc            ] GC(1) Concurrent Cycle 200.669ms
[2017-12-23T20:35:44.580+0800][gc,start      ] GC(2) Pause Young (G1 Evacuation Pause)
[2017-12-23T20:35:44.580+0800][gc,task       ] GC(2) Using 1 workers of 1 for evacuation
[2017-12-23T20:35:44.793+0800][gc,mmu        ] GC(2) MMU target violated: 21.0ms (20.0ms/21.0ms)
[2017-12-23T20:35:44.794+0800][gc,phases     ] GC(2)   Pre Evacuate Collection Set: 0.1ms
[2017-12-23T20:35:44.794+0800][gc,phases     ] GC(2)   Evacuate Collection Set: 177.7ms
[2017-12-23T20:35:44.794+0800][gc,phases     ] GC(2)   Post Evacuate Collection Set: 35.9ms
[2017-12-23T20:35:44.794+0800][gc,phases     ] GC(2)   Other: 0.3ms
[2017-12-23T20:35:44.794+0800][gc,heap       ] GC(2) Eden regions: 44->0(44)
[2017-12-23T20:35:44.794+0800][gc,heap       ] GC(2) Survivor regions: 7->7(7)
[2017-12-23T20:35:44.794+0800][gc,heap       ] GC(2) Old regions: 4->9
[2017-12-23T20:35:44.794+0800][gc,heap       ] GC(2) Humongous regions: 129->129
[2017-12-23T20:35:44.794+0800][gc,metaspace  ] GC(2) Metaspace: 28107K->28107K(1075200K)
[2017-12-23T20:35:44.794+0800][gc            ] GC(2) Pause Young (G1 Evacuation Pause) 183M->144M(1024M) 214.085ms
[2017-12-23T20:35:44.794+0800][gc,cpu        ] GC(2) User=0.03s Sys=0.01s Real=0.21s
[2017-12-23T20:35:57.984+0800][gc,start      ] GC(3) Pause Initial Mark (Metadata GC Threshold)
[2017-12-23T20:35:57.984+0800][gc,task       ] GC(3) Using 1 workers of 1 for evacuation
[2017-12-23T20:35:58.088+0800][gc,mmu        ] GC(3) MMU target violated: 21.0ms (20.0ms/21.0ms)
[2017-12-23T20:35:58.088+0800][gc,phases     ] GC(3)   Pre Evacuate Collection Set: 0.0ms
[2017-12-23T20:35:58.088+0800][gc,phases     ] GC(3)   Evacuate Collection Set: 93.2ms
[2017-12-23T20:35:58.088+0800][gc,phases     ] GC(3)   Post Evacuate Collection Set: 10.6ms
[2017-12-23T20:35:58.088+0800][gc,phases     ] GC(3)   Other: 0.4ms
[2017-12-23T20:35:58.088+0800][gc,heap       ] GC(3) Eden regions: 37->0(46)
[2017-12-23T20:35:58.088+0800][gc,heap       ] GC(3) Survivor regions: 7->5(7)
[2017-12-23T20:35:58.088+0800][gc,heap       ] GC(3) Old regions: 9->11
[2017-12-23T20:35:58.088+0800][gc,heap       ] GC(3) Humongous regions: 129->129
[2017-12-23T20:35:58.088+0800][gc,metaspace  ] GC(3) Metaspace: 33735K->33735K(1081344K)
[2017-12-23T20:35:58.088+0800][gc            ] GC(3) Pause Initial Mark (Metadata GC Threshold) 181M->144M(1024M) 104.255ms
[2017-12-23T20:35:58.088+0800][gc,cpu        ] GC(3) User=0.05s Sys=0.00s Real=0.10s
[2017-12-23T20:35:58.088+0800][gc            ] GC(4) Concurrent Cycle
[2017-12-23T20:35:58.088+0800][gc,marking    ] GC(4) Concurrent Clear Claimed Marks
[2017-12-23T20:35:58.088+0800][gc,marking    ] GC(4) Concurrent Clear Claimed Marks 0.126ms
[2017-12-23T20:35:58.088+0800][gc,marking    ] GC(4) Concurrent Scan Root Regions
[2017-12-23T20:35:58.132+0800][gc,marking    ] GC(4) Concurrent Scan Root Regions 43.343ms
[2017-12-23T20:35:58.132+0800][gc,marking    ] GC(4) Concurrent Mark (41.859s)
[2017-12-23T20:35:58.132+0800][gc,marking    ] GC(4) Concurrent Mark From Roots
[2017-12-23T20:35:58.132+0800][gc,task       ] GC(4) Using 1 workers of 1 for marking
[2017-12-23T20:35:58.248+0800][gc,marking    ] GC(4) Concurrent Mark From Roots 116.856ms
[2017-12-23T20:35:58.249+0800][gc,marking    ] GC(4) Concurrent Mark (41.859s, 41.975s) 116.939ms
[2017-12-23T20:35:58.249+0800][gc,start      ] GC(4) Pause Remark
[2017-12-23T20:35:58.307+0800][gc,stringtable] GC(4) Cleaned string and symbol table, strings: 11634 processed, 20 removed, symbols: 96173 processed, 26 removed
[2017-12-23T20:35:58.307+0800][gc,mmu        ] GC(4) MMU target violated: 21.0ms (20.0ms/21.0ms)
[2017-12-23T20:35:58.307+0800][gc            ] GC(4) Pause Remark 146M->146M(1024M) 57.628ms
[2017-12-23T20:35:58.307+0800][gc,cpu        ] GC(4) User=0.04s Sys=0.00s Real=0.06s
[2017-12-23T20:35:58.307+0800][gc,marking    ] GC(4) Concurrent Create Live Data
[2017-12-23T20:35:58.320+0800][gc,marking    ] GC(4) Concurrent Create Live Data 13.214ms
[2017-12-23T20:35:58.324+0800][gc,start      ] GC(4) Pause Cleanup
[2017-12-23T20:35:58.335+0800][gc            ] GC(4) Pause Cleanup 147M->144M(1024M) 11.425ms
[2017-12-23T20:35:58.336+0800][gc,cpu        ] GC(4) User=0.00s Sys=0.00s Real=0.01s
[2017-12-23T20:35:58.336+0800][gc,marking    ] GC(4) Concurrent Complete Cleanup
[2017-12-23T20:35:58.336+0800][gc,marking    ] GC(4) Concurrent Complete Cleanup 0.035ms
[2017-12-23T20:35:58.336+0800][gc,marking    ] GC(4) Concurrent Cleanup for Next Mark
[2017-12-23T20:35:58.401+0800][gc,marking    ] GC(4) Concurrent Cleanup for Next Mark 65.068ms
[2017-12-23T20:35:58.401+0800][gc            ] GC(4) Concurrent Cycle 313.138ms
[2017-12-23T20:39:28.238+0800][gc,start      ] GC(5) Pause Young (G1 Evacuation Pause)
[2017-12-23T20:39:28.238+0800][gc,task       ] GC(5) Using 1 workers of 1 for evacuation
[2017-12-23T20:39:28.273+0800][gc,mmu        ] GC(5) MMU target violated: 21.0ms (20.0ms/21.0ms)
[2017-12-23T20:39:28.274+0800][gc,phases     ] GC(5)   Pre Evacuate Collection Set: 0.1ms
[2017-12-23T20:39:28.274+0800][gc,phases     ] GC(5)   Evacuate Collection Set: 33.6ms
[2017-12-23T20:39:28.274+0800][gc,phases     ] GC(5)   Post Evacuate Collection Set: 1.4ms
[2017-12-23T20:39:28.274+0800][gc,phases     ] GC(5)   Other: 0.4ms
[2017-12-23T20:39:28.274+0800][gc,heap       ] GC(5) Eden regions: 46->0(47)
[2017-12-23T20:39:28.274+0800][gc,heap       ] GC(5) Survivor regions: 5->4(7)
[2017-12-23T20:39:28.274+0800][gc,heap       ] GC(5) Old regions: 8->10
[2017-12-23T20:39:28.274+0800][gc,heap       ] GC(5) Humongous regions: 135->129
[2017-12-23T20:39:28.274+0800][gc,metaspace  ] GC(5) Metaspace: 36611K->36611K(1083392K)
[2017-12-23T20:39:28.274+0800][gc            ] GC(5) Pause Young (G1 Evacuation Pause) 193M->142M(1024M) 35.506ms
[2017-12-23T20:39:28.274+0800][gc,cpu        ] GC(5) User=0.04s Sys=0.00s Real=0.04s
[2017-12-23T20:43:55.350+0800][gc,start      ] GC(6) Pause Young (G1 Evacuation Pause)
[2017-12-23T20:43:55.350+0800][gc,task       ] GC(6) Using 1 workers of 1 for evacuation
[2017-12-23T20:43:55.436+0800][gc,mmu        ] GC(6) MMU target violated: 21.0ms (20.0ms/21.0ms)
[2017-12-23T20:43:55.436+0800][gc,phases     ] GC(6)   Pre Evacuate Collection Set: 0.1ms
[2017-12-23T20:43:55.436+0800][gc,phases     ] GC(6)   Evacuate Collection Set: 74.4ms
[2017-12-23T20:43:55.436+0800][gc,phases     ] GC(6)   Post Evacuate Collection Set: 11.5ms
[2017-12-23T20:43:55.436+0800][gc,phases     ] GC(6)   Other: 0.4ms
[2017-12-23T20:43:55.436+0800][gc,heap       ] GC(6) Eden regions: 47->0(48)
[2017-12-23T20:43:55.436+0800][gc,heap       ] GC(6) Survivor regions: 4->3(7)
[2017-12-23T20:43:55.436+0800][gc,heap       ] GC(6) Old regions: 10->10
[2017-12-23T20:43:55.436+0800][gc,heap       ] GC(6) Humongous regions: 129->129
[2017-12-23T20:43:55.436+0800][gc,metaspace  ] GC(6) Metaspace: 36921K->36921K(1085440K)
[2017-12-23T20:43:55.436+0800][gc            ] GC(6) Pause Young (G1 Evacuation Pause) 189M->141M(1024M) 86.478ms
[2017-12-23T20:43:55.436+0800][gc,cpu        ] GC(6) User=0.02s Sys=0.00s Real=0.09s
[2017-12-23T20:43:58.843+0800][gc,heap,exit  ] Heap
[2017-12-23T20:43:58.843+0800][gc,heap,exit  ]  garbage-first heap   total 1048576K, used 150016K [0x00000000c0000000, 0x00000000c0102000, 0x0000000100000000)
[2017-12-23T20:43:58.843+0800][gc,heap,exit  ]   region size 1024K, 9 young (9216K), 3 survivors (3072K)
[2017-12-23T20:43:58.843+0800][gc,heap,exit  ]  Metaspace       used 37332K, capacity 40590K, committed 40704K, reserved 1085440K
[2017-12-23T20:43:58.843+0800][gc,heap,exit  ]   class space    used 4499K, capacity 4845K, committed 4864K, reserved 1048576K
