[2017-12-23T20:35:20.367+0800][gc,heap] Heap region size: 1M
[2017-12-23T20:35:20.379+0800][gc     ] Using G1
[2017-12-23T20:35:20.379+0800][gc,heap,coops] Heap address: 0x00000000c0000000, size: 1024 MB, Compressed Oops mode: 32-bit
[2017-12-23T20:35:36.368+0800][gc,start     ] GC(0) Pause Initial Mark (Metadata GC Threshold)
[2017-12-23T20:35:36.368+0800][gc,task      ] GC(0) Using 1 workers of 1 for evacuation
[2017-12-23T20:35:36.529+0800][gc,mmu       ] GC(0) MMU target violated: 21.0ms (20.0ms/21.0ms)
[2017-12-23T20:35:36.529+0800][gc,phases    ] GC(0)   Pre Evacuate Collection Set: 0.0ms
[2017-12-23T20:35:36.529+0800][gc,phases    ] GC(0)   Evacuate Collection Set: 143.6ms
[2017-12-23T20:35:36.529+0800][gc,phases    ] GC(0)   Post Evacuate Collection Set: 17.0ms
[2017-12-23T20:35:36.529+0800][gc,phases    ] GC(0)   Other: 0.4ms
[2017-12-23T20:35:36.529+0800][gc,heap      ] GC(0) Eden regions: 48->0(44)
[2017-12-23T20:35:36.529+0800][gc,heap      ] GC(0) Survivor regions: 0->7(7)
[2017-12-23T20:35:36.529+0800][gc,heap      ] GC(0) Old regions: 0->4
[2017-12-23T20:35:36.529+0800][gc,heap      ] GC(0) Humongous regions: 0->0
[2017-12-23T20:35:36.529+0800][gc,metaspace ] GC(0) Metaspace: 20331K->20331K(1069056K)
[2017-12-23T20:35:36.529+0800][gc           ] GC(0) Pause Initial Mark (Metadata GC Threshold) 47M->10M(1024M) 161.168ms
[2017-12-23T20:35:36.529+0800][gc,cpu       ] GC(0) User=0.03s Sys=0.01s Real=0.16s
[2017-12-23T20:35:36.529+0800][gc           ] GC(1) Concurrent Cycle
[2017-12-23T20:35:36.529+0800][gc,marking   ] GC(1) Concurrent Clear Claimed Marks
[2017-12-23T20:35:36.529+0800][gc,marking   ] GC(1) Concurrent Clear Claimed Marks 0.053ms
[2017-12-23T20:35:36.529+0800][gc,marking   ] GC(1) Concurrent Scan Root Regions
[2017-12-23T20:35:36.582+0800][gc,marking   ] GC(1) Concurrent Scan Root Regions 53.571ms
[2017-12-23T20:35:36.583+0800][gc,marking   ] GC(1) Concurrent Mark (16.223s)
[2017-12-23T20:35:36.583+0800][gc,marking   ] GC(1) Concurrent Mark From Roots
[2017-12-23T20:35:36.583+0800][gc,task      ] GC(1) Using 1 workers of 1 for marking
[2017-12-23T20:35:36.612+0800][gc,marking   ] GC(1) Concurrent Mark From Roots 29.454ms
[2017-12-23T20:35:36.612+0800][gc,marking   ] GC(1) Concurrent Mark (16.223s, 16.252s) 29.544ms
[2017-12-23T20:35:36.634+0800][gc,start     ] GC(1) Pause Remark
[2017-12-23T20:35:36.711+0800][gc,stringtable] GC(1) Cleaned string and symbol table, strings: 8014 processed, 0 removed, symbols: 64102 processed, 38 removed
[2017-12-23T20:35:36.711+0800][gc,mmu        ] GC(1) MMU target violated: 21.0ms (20.0ms/21.0ms)
[2017-12-23T20:35:36.711+0800][gc            ] GC(1) Pause Remark 11M->11M(1024M) 77.708ms
[2017-12-23T20:35:36.711+0800][gc,cpu        ] GC(1) User=0.01s Sys=0.00s Real=0.08s
[2017-12-23T20:35:36.712+0800][gc,marking    ] GC(1) Concurrent Create Live Data
[2017-12-23T20:35:36.716+0800][gc,marking    ] GC(1) Concurrent Create Live Data 3.853ms
[2017-12-23T20:35:36.723+0800][gc,start      ] GC(1) Pause Cleanup
[2017-12-23T20:35:36.737+0800][gc            ] GC(1) Pause Cleanup 11M->11M(1024M) 14.094ms
[2017-12-23T20:35:36.737+0800][gc,cpu        ] GC(1) User=0.00s Sys=0.00s Real=0.01s
[2017-12-23T20:35:36.739+0800][gc,marking    ] GC(1) Concurrent Cleanup for Next Mark
[2017-12-23T20:35:36.799+0800][gc,marking    ] GC(1) Concurrent Cleanup for Next Mark 59.311ms
[2017-12-23T20:35:36.799+0800][gc            ] GC(1) Concurrent Cycle 269.976ms
[2017-12-23T20:35:44.135+0800][gc,start      ] GC(2) Pause Young (G1 Evacuation Pause)
[2017-12-23T20:35:44.135+0800][gc,task       ] GC(2) Using 1 workers of 1 for evacuation
[2017-12-23T20:35:44.356+0800][gc,mmu        ] GC(2) MMU target violated: 21.0ms (20.0ms/21.0ms)
[2017-12-23T20:35:44.356+0800][gc,phases     ] GC(2)   Pre Evacuate Collection Set: 0.1ms
[2017-12-23T20:35:44.356+0800][gc,phases     ] GC(2)   Evacuate Collection Set: 171.2ms
[2017-12-23T20:35:44.356+0800][gc,phases     ] GC(2)   Post Evacuate Collection Set: 49.3ms
[2017-12-23T20:35:44.356+0800][gc,phases     ] GC(2)   Other: 0.3ms
[2017-12-23T20:35:44.356+0800][gc,heap       ] GC(2) Eden regions: 44->0(44)
[2017-12-23T20:35:44.356+0800][gc,heap       ] GC(2) Survivor regions: 7->7(7)
[2017-12-23T20:35:44.356+0800][gc,heap       ] GC(2) Old regions: 4->10
[2017-12-23T20:35:44.356+0800][gc,heap       ] GC(2) Humongous regions: 129->129
[2017-12-23T20:35:44.356+0800][gc,metaspace  ] GC(2) Metaspace: 28033K->28033K(1075200K)
[2017-12-23T20:35:44.356+0800][gc            ] GC(2) Pause Young (G1 Evacuation Pause) 183M->145M(1024M) 221.015ms
[2017-12-23T20:35:44.356+0800][gc,cpu        ] GC(2) User=0.04s Sys=0.00s Real=0.22s
[2017-12-23T20:36:04.648+0800][gc,start      ] GC(3) Pause Initial Mark (Metadata GC Threshold)
[2017-12-23T20:36:04.648+0800][gc,task       ] GC(3) Using 1 workers of 1 for evacuation
[2017-12-23T20:36:04.741+0800][gc,mmu        ] GC(3) MMU target violated: 21.0ms (20.0ms/21.0ms)
[2017-12-23T20:36:04.741+0800][gc,phases     ] GC(3)   Pre Evacuate Collection Set: 0.1ms
[2017-12-23T20:36:04.741+0800][gc,phases     ] GC(3)   Evacuate Collection Set: 90.2ms
[2017-12-23T20:36:04.741+0800][gc,phases     ] GC(3)   Post Evacuate Collection Set: 2.4ms
[2017-12-23T20:36:04.741+0800][gc,phases     ] GC(3)   Other: 0.6ms
[2017-12-23T20:36:04.741+0800][gc,heap       ] GC(3) Eden regions: 37->0(46)
[2017-12-23T20:36:04.741+0800][gc,heap       ] GC(3) Survivor regions: 7->5(7)
[2017-12-23T20:36:04.741+0800][gc,heap       ] GC(3) Old regions: 10->12
[2017-12-23T20:36:04.741+0800][gc,heap       ] GC(3) Humongous regions: 129->129
[2017-12-23T20:36:04.741+0800][gc,metaspace  ] GC(3) Metaspace: 33672K->33672K(1081344K)
[2017-12-23T20:36:04.741+0800][gc            ] GC(3) Pause Initial Mark (Metadata GC Threshold) 181M->144M(1024M) 93.248ms
[2017-12-23T20:36:04.741+0800][gc,cpu        ] GC(3) User=0.04s Sys=0.01s Real=0.10s
[2017-12-23T20:36:04.741+0800][gc            ] GC(4) Concurrent Cycle
[2017-12-23T20:36:04.741+0800][gc,marking    ] GC(4) Concurrent Clear Claimed Marks
[2017-12-23T20:36:04.741+0800][gc,marking    ] GC(4) Concurrent Clear Claimed Marks 0.126ms
[2017-12-23T20:36:04.741+0800][gc,marking    ] GC(4) Concurrent Scan Root Regions
[2017-12-23T20:36:04.763+0800][gc,marking    ] GC(4) Concurrent Scan Root Regions 21.907ms
[2017-12-23T20:36:04.763+0800][gc,marking    ] GC(4) Concurrent Mark (44.403s)
[2017-12-23T20:36:04.763+0800][gc,marking    ] GC(4) Concurrent Mark From Roots
[2017-12-23T20:36:04.763+0800][gc,task       ] GC(4) Using 1 workers of 1 for marking
[2017-12-23T20:36:04.796+0800][gc,marking    ] GC(4) Concurrent Mark From Roots 33.017ms
[2017-12-23T20:36:04.796+0800][gc,marking    ] GC(4) Concurrent Mark (44.403s, 44.436s) 33.152ms
[2017-12-23T20:36:04.796+0800][gc,start      ] GC(4) Pause Remark
[2017-12-23T20:36:04.841+0800][gc,stringtable] GC(4) Cleaned string and symbol table, strings: 11598 processed, 21 removed, symbols: 95820 processed, 26 removed
[2017-12-23T20:36:04.841+0800][gc,mmu        ] GC(4) MMU target violated: 21.0ms (20.0ms/21.0ms)
[2017-12-23T20:36:04.841+0800][gc            ] GC(4) Pause Remark 145M->145M(1024M) 44.912ms
[2017-12-23T20:36:04.841+0800][gc,cpu        ] GC(4) User=0.03s Sys=0.00s Real=0.05s
[2017-12-23T20:36:04.842+0800][gc,marking    ] GC(4) Concurrent Create Live Data
[2017-12-23T20:36:04.848+0800][gc,marking    ] GC(4) Concurrent Create Live Data 5.922ms
[2017-12-23T20:36:04.848+0800][gc,start      ] GC(4) Pause Cleanup
[2017-12-23T20:36:04.850+0800][gc            ] GC(4) Pause Cleanup 145M->142M(1024M) 1.787ms
[2017-12-23T20:36:04.850+0800][gc,cpu        ] GC(4) User=0.00s Sys=0.00s Real=0.00s
[2017-12-23T20:36:04.850+0800][gc,marking    ] GC(4) Concurrent Complete Cleanup
[2017-12-23T20:36:04.850+0800][gc,marking    ] GC(4) Concurrent Complete Cleanup 0.024ms
[2017-12-23T20:36:04.850+0800][gc,marking    ] GC(4) Concurrent Cleanup for Next Mark
[2017-12-23T20:36:04.877+0800][gc,marking    ] GC(4) Concurrent Cleanup for Next Mark 27.192ms
[2017-12-23T20:36:04.877+0800][gc            ] GC(4) Concurrent Cycle 136.176ms
[2017-12-23T20:43:58.613+0800][gc,heap,exit  ] Heap
[2017-12-23T20:43:58.613+0800][gc,heap,exit  ]  garbage-first heap   total 1048576K, used 165632K [0x00000000c0000000, 0x00000000c0102000, 0x0000000100000000)
[2017-12-23T20:43:58.613+0800][gc,heap,exit  ]   region size 1024K, 26 young (26624K), 5 survivors (5120K)
[2017-12-23T20:43:58.613+0800][gc,heap,exit  ]  Metaspace       used 34708K, capacity 37372K, committed 37504K, reserved 1083392K
[2017-12-23T20:43:58.613+0800][gc,heap,exit  ]   class space    used 4176K, capacity 4453K, committed 4480K, reserved 1048576K
