[2017-12-23T20:35:18.095+0800][gc,heap] Heap region size: 1M
[2017-12-23T20:35:18.130+0800][gc     ] Using G1
[2017-12-23T20:35:18.130+0800][gc,heap,coops] Heap address: 0x00000000c0000000, size: 1024 MB, Compressed Oops mode: 32-bit
[2017-12-23T20:35:36.428+0800][gc,start     ] GC(0) Pause Initial Mark (Metadata GC Threshold)
[2017-12-23T20:35:36.428+0800][gc,task      ] GC(0) Using 1 workers of 1 for evacuation
[2017-12-23T20:35:36.674+0800][gc,mmu       ] GC(0) MMU target violated: 21.0ms (20.0ms/21.0ms)
[2017-12-23T20:35:36.675+0800][gc,phases    ] GC(0)   Pre Evacuate Collection Set: 0.0ms
[2017-12-23T20:35:36.675+0800][gc,phases    ] GC(0)   Evacuate Collection Set: 191.8ms
[2017-12-23T20:35:36.675+0800][gc,phases    ] GC(0)   Post Evacuate Collection Set: 53.8ms
[2017-12-23T20:35:36.675+0800][gc,phases    ] GC(0)   Other: 1.6ms
[2017-12-23T20:35:36.675+0800][gc,heap      ] GC(0) Eden regions: 47->0(44)
[2017-12-23T20:35:36.675+0800][gc,heap      ] GC(0) Survivor regions: 0->7(7)
[2017-12-23T20:35:36.675+0800][gc,heap      ] GC(0) Old regions: 0->4
[2017-12-23T20:35:36.675+0800][gc,heap      ] GC(0) Humongous regions: 0->0
[2017-12-23T20:35:36.675+0800][gc,metaspace ] GC(0) Metaspace: 20316K->20316K(1069056K)
[2017-12-23T20:35:36.675+0800][gc           ] GC(0) Pause Initial Mark (Metadata GC Threshold) 47M->10M(1024M) 247.348ms
[2017-12-23T20:35:36.675+0800][gc,cpu       ] GC(0) User=0.06s Sys=0.01s Real=0.25s
[2017-12-23T20:35:36.675+0800][gc           ] GC(1) Concurrent Cycle
[2017-12-23T20:35:36.675+0800][gc,marking   ] GC(1) Concurrent Clear Claimed Marks
[2017-12-23T20:35:36.675+0800][gc,marking   ] GC(1) Concurrent Clear Claimed Marks 0.107ms
[2017-12-23T20:35:36.675+0800][gc,marking   ] GC(1) Concurrent Scan Root Regions
[2017-12-23T20:35:36.702+0800][gc,marking   ] GC(1) Concurrent Scan Root Regions 26.276ms
[2017-12-23T20:35:36.702+0800][gc,marking   ] GC(1) Concurrent Mark (18.636s)
[2017-12-23T20:35:36.702+0800][gc,marking   ] GC(1) Concurrent Mark From Roots
[2017-12-23T20:35:36.702+0800][gc,task      ] GC(1) Using 1 workers of 1 for marking
[2017-12-23T20:35:36.708+0800][gc,marking   ] GC(1) Concurrent Mark From Roots 5.827ms
[2017-12-23T20:35:36.708+0800][gc,marking   ] GC(1) Concurrent Mark (18.636s, 18.642s) 5.915ms
[2017-12-23T20:35:36.718+0800][gc,start     ] GC(1) Pause Remark
[2017-12-23T20:35:36.778+0800][gc,stringtable] GC(1) Cleaned string and symbol table, strings: 8004 processed, 0 removed, symbols: 63761 processed, 39 removed
[2017-12-23T20:35:36.778+0800][gc,mmu        ] GC(1) MMU target violated: 21.0ms (20.0ms/21.0ms)
[2017-12-23T20:35:36.778+0800][gc            ] GC(1) Pause Remark 11M->11M(1024M) 59.882ms
[2017-12-23T20:35:36.778+0800][gc,cpu        ] GC(1) User=0.01s Sys=0.00s Real=0.06s
[2017-12-23T20:35:36.780+0800][gc,marking    ] GC(1) Concurrent Create Live Data
[2017-12-23T20:35:36.784+0800][gc,marking    ] GC(1) Concurrent Create Live Data 3.924ms
[2017-12-23T20:35:36.784+0800][gc,start      ] GC(1) Pause Cleanup
[2017-12-23T20:35:36.803+0800][gc            ] GC(1) Pause Cleanup 11M->11M(1024M) 19.455ms
[2017-12-23T20:35:36.803+0800][gc,cpu        ] GC(1) User=0.00s Sys=0.00s Real=0.02s
[2017-12-23T20:35:36.808+0800][gc,marking    ] GC(1) Concurrent Cleanup for Next Mark
[2017-12-23T20:35:36.856+0800][gc,marking    ] GC(1) Concurrent Cleanup for Next Mark 47.665ms
[2017-12-23T20:35:36.856+0800][gc            ] GC(1) Concurrent Cycle 180.414ms
[2017-12-23T20:35:44.087+0800][gc,start      ] GC(2) Pause Young (G1 Evacuation Pause)
[2017-12-23T20:35:44.087+0800][gc,task       ] GC(2) Using 1 workers of 1 for evacuation
[2017-12-23T20:35:44.328+0800][gc,mmu        ] GC(2) MMU target violated: 21.0ms (20.0ms/21.0ms)
[2017-12-23T20:35:44.328+0800][gc,phases     ] GC(2)   Pre Evacuate Collection Set: 0.1ms
[2017-12-23T20:35:44.328+0800][gc,phases     ] GC(2)   Evacuate Collection Set: 188.4ms
[2017-12-23T20:35:44.328+0800][gc,phases     ] GC(2)   Post Evacuate Collection Set: 51.9ms
[2017-12-23T20:35:44.328+0800][gc,phases     ] GC(2)   Other: 0.3ms
[2017-12-23T20:35:44.328+0800][gc,heap       ] GC(2) Eden regions: 44->0(44)
[2017-12-23T20:35:44.328+0800][gc,heap       ] GC(2) Survivor regions: 7->7(7)
[2017-12-23T20:35:44.328+0800][gc,heap       ] GC(2) Old regions: 4->10
[2017-12-23T20:35:44.328+0800][gc,heap       ] GC(2) Humongous regions: 129->129
[2017-12-23T20:35:44.328+0800][gc,metaspace  ] GC(2) Metaspace: 27998K->27998K(1075200K)
[2017-12-23T20:35:44.328+0800][gc            ] GC(2) Pause Young (G1 Evacuation Pause) 183M->145M(1024M) 240.804ms
[2017-12-23T20:35:44.328+0800][gc,cpu        ] GC(2) User=0.04s Sys=0.01s Real=0.24s
[2017-12-23T20:35:54.144+0800][gc,start      ] GC(3) Pause Initial Mark (Metadata GC Threshold)
[2017-12-23T20:35:54.144+0800][gc,task       ] GC(3) Using 1 workers of 1 for evacuation
[2017-12-23T20:35:54.279+0800][gc,mmu        ] GC(3) MMU target violated: 21.0ms (20.0ms/21.0ms)
[2017-12-23T20:35:54.280+0800][gc,phases     ] GC(3)   Pre Evacuate Collection Set: 0.0ms
[2017-12-23T20:35:54.280+0800][gc,phases     ] GC(3)   Evacuate Collection Set: 129.4ms
[2017-12-23T20:35:54.280+0800][gc,phases     ] GC(3)   Post Evacuate Collection Set: 6.2ms
[2017-12-23T20:35:54.280+0800][gc,phases     ] GC(3)   Other: 0.4ms
[2017-12-23T20:35:54.280+0800][gc,heap       ] GC(3) Eden regions: 39->0(46)
[2017-12-23T20:35:54.280+0800][gc,heap       ] GC(3) Survivor regions: 7->5(7)
[2017-12-23T20:35:54.280+0800][gc,heap       ] GC(3) Old regions: 10->12
[2017-12-23T20:35:54.280+0800][gc,heap       ] GC(3) Humongous regions: 129->129
[2017-12-23T20:35:54.280+0800][gc,metaspace  ] GC(3) Metaspace: 33755K->33755K(1081344K)
[2017-12-23T20:35:54.280+0800][gc            ] GC(3) Pause Initial Mark (Metadata GC Threshold) 183M->145M(1024M) 136.086ms
[2017-12-23T20:35:54.280+0800][gc,cpu        ] GC(3) User=0.02s Sys=0.00s Real=0.14s
[2017-12-23T20:35:54.280+0800][gc            ] GC(4) Concurrent Cycle
[2017-12-23T20:35:54.280+0800][gc,marking    ] GC(4) Concurrent Clear Claimed Marks
[2017-12-23T20:35:54.280+0800][gc,marking    ] GC(4) Concurrent Clear Claimed Marks 0.123ms
[2017-12-23T20:35:54.280+0800][gc,marking    ] GC(4) Concurrent Scan Root Regions
[2017-12-23T20:35:54.302+0800][gc,marking    ] GC(4) Concurrent Scan Root Regions 22.050ms
[2017-12-23T20:35:54.302+0800][gc,marking    ] GC(4) Concurrent Mark (36.237s)
[2017-12-23T20:35:54.302+0800][gc,marking    ] GC(4) Concurrent Mark From Roots
[2017-12-23T20:35:54.302+0800][gc,task       ] GC(4) Using 1 workers of 1 for marking
[2017-12-23T20:35:54.426+0800][gc,marking    ] GC(4) Concurrent Mark From Roots 123.499ms
[2017-12-23T20:35:54.426+0800][gc,marking    ] GC(4) Concurrent Mark (36.237s, 36.360s) 123.577ms
[2017-12-23T20:35:54.426+0800][gc,start      ] GC(4) Pause Remark
[2017-12-23T20:35:54.547+0800][gc,stringtable] GC(4) Cleaned string and symbol table, strings: 11609 processed, 20 removed, symbols: 95758 processed, 26 removed
[2017-12-23T20:35:54.547+0800][gc,mmu        ] GC(4) MMU target violated: 21.0ms (20.0ms/21.0ms)
[2017-12-23T20:35:54.547+0800][gc            ] GC(4) Pause Remark 147M->147M(1024M) 121.422ms
[2017-12-23T20:35:54.547+0800][gc,cpu        ] GC(4) User=0.02s Sys=0.00s Real=0.12s
[2017-12-23T20:35:54.548+0800][gc,marking    ] GC(4) Concurrent Create Live Data
[2017-12-23T20:35:54.580+0800][gc,marking    ] GC(4) Concurrent Create Live Data 31.744ms
[2017-12-23T20:35:54.603+0800][gc,start      ] GC(4) Pause Cleanup
[2017-12-23T20:35:54.605+0800][gc            ] GC(4) Pause Cleanup 147M->144M(1024M) 1.599ms
[2017-12-23T20:35:54.605+0800][gc,cpu        ] GC(4) User=0.00s Sys=0.00s Real=0.00s
[2017-12-23T20:35:54.605+0800][gc,marking    ] GC(4) Concurrent Complete Cleanup
[2017-12-23T20:35:54.605+0800][gc,marking    ] GC(4) Concurrent Complete Cleanup 0.026ms
[2017-12-23T20:35:54.605+0800][gc,marking    ] GC(4) Concurrent Cleanup for Next Mark
[2017-12-23T20:35:54.680+0800][gc,marking    ] GC(4) Concurrent Cleanup for Next Mark 75.062ms
[2017-12-23T20:35:54.680+0800][gc            ] GC(4) Concurrent Cycle 400.248ms
[2017-12-23T20:43:59.561+0800][gc,heap,exit  ] Heap
[2017-12-23T20:43:59.561+0800][gc,heap,exit  ]  garbage-first heap   total 1048576K, used 189696K [0x00000000c0000000, 0x00000000c0102000, 0x0000000100000000)
[2017-12-23T20:43:59.561+0800][gc,heap,exit  ]   region size 1024K, 49 young (50176K), 5 survivors (5120K)
[2017-12-23T20:43:59.561+0800][gc,heap,exit  ]  Metaspace       used 36437K, capacity 39748K, committed 39884K, reserved 1085440K
[2017-12-23T20:43:59.561+0800][gc,heap,exit  ]   class space    used 4437K, capacity 4764K, committed 4812K, reserved 1048576K
