[2017-12-23T20:33:50.504+0800][gc,heap] Heap region size: 1M
[2017-12-23T20:33:50.526+0800][gc     ] Using G1
[2017-12-23T20:33:50.526+0800][gc,heap,coops] Heap address: 0x00000000c0000000, size: 1024 MB, Compressed Oops mode: 32-bit
[2017-12-23T20:34:06.921+0800][gc,start     ] GC(0) Pause Initial Mark (Metadata GC Threshold)
[2017-12-23T20:34:06.951+0800][gc,task      ] GC(0) Using 1 workers of 1 for evacuation
[2017-12-23T20:34:07.818+0800][gc,mmu       ] GC(0) MMU target violated: 21.0ms (20.0ms/21.0ms)
[2017-12-23T20:34:07.990+0800][gc,phases    ] GC(0)   Pre Evacuate Collection Set: 0.0ms
[2017-12-23T20:34:07.990+0800][gc,phases    ] GC(0)   Evacuate Collection Set: 151.3ms
[2017-12-23T20:34:07.990+0800][gc,phases    ] GC(0)   Post Evacuate Collection Set: 685.0ms
[2017-12-23T20:34:07.990+0800][gc,phases    ] GC(0)   Other: 144.7ms
[2017-12-23T20:34:07.990+0800][gc,heap      ] GC(0) Eden regions: 47->0(44)
[2017-12-23T20:34:07.990+0800][gc,heap      ] GC(0) Survivor regions: 0->7(7)
[2017-12-23T20:34:07.990+0800][gc,heap      ] GC(0) Old regions: 0->4
[2017-12-23T20:34:07.990+0800][gc,heap      ] GC(0) Humongous regions: 0->0
[2017-12-23T20:34:07.990+0800][gc,metaspace ] GC(0) Metaspace: 20331K->20331K(1069056K)
[2017-12-23T20:34:07.990+0800][gc           ] GC(0) Pause Initial Mark (Metadata GC Threshold) 47M->10M(1024M) 1068.623ms
[2017-12-23T20:34:07.990+0800][gc,cpu       ] GC(0) User=0.05s Sys=0.01s Real=1.06s
[2017-12-23T20:34:08.074+0800][gc           ] GC(1) Concurrent Cycle
[2017-12-23T20:34:08.074+0800][gc,marking   ] GC(1) Concurrent Clear Claimed Marks
[2017-12-23T20:34:08.074+0800][gc,marking   ] GC(1) Concurrent Clear Claimed Marks 0.053ms
[2017-12-23T20:34:08.074+0800][gc,marking   ] GC(1) Concurrent Scan Root Regions
[2017-12-23T20:34:08.107+0800][gc,marking   ] GC(1) Concurrent Scan Root Regions 32.804ms
[2017-12-23T20:34:08.107+0800][gc,marking   ] GC(1) Concurrent Mark (17.637s)
[2017-12-23T20:34:08.107+0800][gc,marking   ] GC(1) Concurrent Mark From Roots
[2017-12-23T20:34:08.107+0800][gc,task      ] GC(1) Using 1 workers of 1 for marking
[2017-12-23T20:34:10.025+0800][gc,marking   ] GC(1) Concurrent Mark From Roots 1917.113ms
[2017-12-23T20:34:10.025+0800][gc,marking   ] GC(1) Concurrent Mark (17.637s, 19.554s) 1917.209ms
[2017-12-23T20:34:11.340+0800][gc,start     ] GC(1) Pause Remark
[2017-12-23T20:34:12.607+0800][gc,stringtable] GC(1) Cleaned string and symbol table, strings: 8001 processed, 0 removed, symbols: 63742 processed, 40 removed
[2017-12-23T20:34:12.607+0800][gc            ] GC(1) Pause Remark 10M->10M(1024M) 1266.974ms
[2017-12-23T20:34:12.607+0800][gc,cpu        ] GC(1) User=0.01s Sys=0.00s Real=1.26s
[2017-12-23T20:34:12.608+0800][gc,marking    ] GC(1) Concurrent Create Live Data
[2017-12-23T20:34:12.608+0800][gc,marking    ] GC(1) Concurrent Create Live Data 0.501ms
[2017-12-23T20:34:12.608+0800][gc,start      ] GC(1) Pause Cleanup
[2017-12-23T20:34:12.610+0800][gc            ] GC(1) Pause Cleanup 10M->10M(1024M) 1.696ms
[2017-12-23T20:34:12.610+0800][gc,cpu        ] GC(1) User=0.00s Sys=0.00s Real=0.00s
[2017-12-23T20:34:12.610+0800][gc,marking    ] GC(1) Concurrent Cleanup for Next Mark
[2017-12-23T20:34:12.619+0800][gc,marking    ] GC(1) Concurrent Cleanup for Next Mark 8.333ms
[2017-12-23T20:34:12.619+0800][gc            ] GC(1) Concurrent Cycle 4544.313ms
[2017-12-23T20:34:25.192+0800][gc,heap,exit  ] Heap
[2017-12-23T20:34:25.225+0800][gc,heap,exit  ]  garbage-first heap   total 1048576K, used 13694K [0x00000000c0000000, 0x00000000c0102000, 0x0000000100000000)
[2017-12-23T20:34:25.226+0800][gc,heap,exit  ]   region size 1024K, 11 young (11264K), 7 survivors (7168K)
[2017-12-23T20:34:25.226+0800][gc,heap,exit  ]  Metaspace       used 20879K, capacity 21784K, committed 21808K, reserved 1069056K
[2017-12-23T20:34:25.226+0800][gc,heap,exit  ]   class space    used 2520K, capacity 2672K, committed 2688K, reserved 1048576K
