[2017-12-23T20:33:54.704+0800][gc,heap] Heap region size: 1M
[2017-12-23T20:33:54.840+0800][gc     ] Using G1
[2017-12-23T20:33:54.840+0800][gc,heap,coops] Heap address: 0x00000000c0000000, size: 1024 MB, Compressed Oops mode: 32-bit
[2017-12-23T20:34:27.160+0800][gc,start     ] GC(0) Pause Initial Mark (Metadata GC Threshold)
[2017-12-23T20:34:27.175+0800][gc,task      ] GC(0) Using 1 workers of 1 for evacuation
[2017-12-23T20:34:27.253+0800][gc,mmu       ] GC(0) MMU target violated: 21.0ms (20.0ms/21.0ms)
[2017-12-23T20:34:27.254+0800][gc,phases    ] GC(0)   Pre Evacuate Collection Set: 0.1ms
[2017-12-23T20:34:27.254+0800][gc,phases    ] GC(0)   Evacuate Collection Set: 70.0ms
[2017-12-23T20:34:27.254+0800][gc,phases    ] GC(0)   Post Evacuate Collection Set: 7.9ms
[2017-12-23T20:34:27.254+0800][gc,phases    ] GC(0)   Other: 15.7ms
[2017-12-23T20:34:27.254+0800][gc,heap      ] GC(0) Eden regions: 47->0(44)
[2017-12-23T20:34:27.254+0800][gc,heap      ] GC(0) Survivor regions: 0->7(7)
[2017-12-23T20:34:27.254+0800][gc,heap      ] GC(0) Old regions: 0->4
[2017-12-23T20:34:27.254+0800][gc,heap      ] GC(0) Humongous regions: 0->0
[2017-12-23T20:34:27.254+0800][gc,metaspace ] GC(0) Metaspace: 20329K->20329K(1069056K)
[2017-12-23T20:34:27.254+0800][gc           ] GC(0) Pause Initial Mark (Metadata GC Threshold) 47M->10M(1024M) 93.771ms
[2017-12-23T20:34:27.254+0800][gc,cpu       ] GC(0) User=0.06s Sys=0.01s Real=0.09s
[2017-12-23T20:34:27.254+0800][gc           ] GC(1) Concurrent Cycle
[2017-12-23T20:34:27.254+0800][gc,marking   ] GC(1) Concurrent Clear Claimed Marks
[2017-12-23T20:34:27.254+0800][gc,marking   ] GC(1) Concurrent Clear Claimed Marks 0.050ms
[2017-12-23T20:34:27.254+0800][gc,marking   ] GC(1) Concurrent Scan Root Regions
[2017-12-23T20:34:27.280+0800][gc,marking   ] GC(1) Concurrent Scan Root Regions 26.300ms
[2017-12-23T20:34:27.280+0800][gc,marking   ] GC(1) Concurrent Mark (32.624s)
[2017-12-23T20:34:27.280+0800][gc,marking   ] GC(1) Concurrent Mark From Roots
[2017-12-23T20:34:27.280+0800][gc,task      ] GC(1) Using 1 workers of 1 for marking
[2017-12-23T20:34:27.284+0800][gc,marking   ] GC(1) Concurrent Mark From Roots 3.611ms
[2017-12-23T20:34:27.284+0800][gc,marking   ] GC(1) Concurrent Mark (32.624s, 32.628s) 3.685ms
[2017-12-23T20:34:27.284+0800][gc,start     ] GC(1) Pause Remark
[2017-12-23T20:34:27.298+0800][gc,stringtable] GC(1) Cleaned string and symbol table, strings: 7997 processed, 0 removed, symbols: 63786 processed, 39 removed
[2017-12-23T20:34:27.298+0800][gc            ] GC(1) Pause Remark 10M->10M(1024M) 13.844ms
[2017-12-23T20:34:27.298+0800][gc,cpu        ] GC(1) User=0.01s Sys=0.00s Real=0.01s
[2017-12-23T20:34:27.298+0800][gc,marking    ] GC(1) Concurrent Create Live Data
[2017-12-23T20:34:27.301+0800][gc,marking    ] GC(1) Concurrent Create Live Data 3.212ms
[2017-12-23T20:34:27.301+0800][gc,start      ] GC(1) Pause Cleanup
[2017-12-23T20:34:27.303+0800][gc            ] GC(1) Pause Cleanup 10M->10M(1024M) 1.677ms
[2017-12-23T20:34:27.303+0800][gc,cpu        ] GC(1) User=0.00s Sys=0.00s Real=0.00s
[2017-12-23T20:34:27.303+0800][gc,marking    ] GC(1) Concurrent Cleanup for Next Mark
[2017-12-23T20:34:27.328+0800][gc,marking    ] GC(1) Concurrent Cleanup for Next Mark 24.997ms
[2017-12-23T20:34:27.328+0800][gc            ] GC(1) Concurrent Cycle 74.610ms
[2017-12-23T20:34:34.502+0800][gc,heap,exit  ] Heap
[2017-12-23T20:34:34.502+0800][gc,heap,exit  ]  garbage-first heap   total 1048576K, used 13582K [0x00000000c0000000, 0x00000000c0102000, 0x0000000100000000)
[2017-12-23T20:34:34.502+0800][gc,heap,exit  ]   region size 1024K, 11 young (11264K), 7 survivors (7168K)
[2017-12-23T20:34:34.502+0800][gc,heap,exit  ]  Metaspace       used 20877K, capacity 21784K, committed 21808K, reserved 1069056K
[2017-12-23T20:34:34.502+0800][gc,heap,exit  ]   class space    used 2520K, capacity 2672K, committed 2688K, reserved 1048576K
